@SFDBG	v=1	node=96	src=duty	lvl=D	seq=1054	t=47326	msg=sample_tick phase_elapsed_ms=28242 sensor_count=5
@SFDBG	v=1	node=96	src=sht31	lvl=D	seq=1055	t=47331	msg=status ready=1 healthy=1 state=3 duty_class=AlwaysOn
@SFDBG	v=1	node=96	src=sht31	lvl=D	seq=1056	t=47357	msg=sht31,temp_c=22.75,humidity_pct=44.74,valid=1,t_ms=47356
@SFDBG	v=1	node=96	src=gps	lvl=D	seq=1057	t=47363	msg=status ready=0 healthy=1 state=3 duty_class=AlwaysOn
@SFDBG	v=1	node=96	src=gps	lvl=D	seq=1058	t=47368	msg=sample_skipped reason=not_ready
@SFDBG	v=1	node=96	src=imu	lvl=D	seq=1059	t=47371	msg=status ready=1 healthy=1 state=3 duty_class=DutyCycled
@SFDBG	v=1	node=96	src=imu	lvl=D	seq=1060	t=47381	msg=imu,heading_deg=271.0,accuracy_deg=0.07,valid=1,t_ms=47379
@SFDBG	v=1	node=96	src=sps30	lvl=D	seq=1061	t=47386	msg=status ready=0 healthy=1 state=3 duty_class=WarmupHeavy
@SFDBG	v=1	node=96	src=sps30	lvl=D	seq=1062	t=47391	msg=sample_skipped reason=not_ready
@SFDBG	v=1	node=96	src=wind	lvl=D	seq=1063	t=47395	msg=status ready=1 healthy=1 state=3 duty_class=WarmupHeavy
@SFDBG	v=1	node=96	src=wind	lvl=D	seq=1064	t=47402	msg=wind,raw_rv=755,raw_tmp=692,rv_v=4.096,tmp_v=3.754,temp_c=24.17,zero_v=1.763,wind_mph=553.57,wind_mps=247.47,valid=1,t_ms=47399
@SFDBG	v=1	node=96	src=battery	lvl=I	seq=1065	t=47413	msg=battery,raw=558,adc_v=1.798,v=3.596,pct=39.6,low=0,valid=1,t_ms=47042
@SFDBG	v=1	node=96	src=duty	lvl=D	seq=1066	t=47419	msg=fresh_sample_ready=1
@SFDBG	v=1	node=96	src=app	lvl=D	seq=1067	t=47422	msg=snapshot_session_ms=7326931
@SFDBG	v=1	node=96	src=app	lvl=D	seq=1068	t=47425	msg=build_snapshot_start session_ms=7326931 sensor_count=5
@SFDBG	v=1	node=96	src=battery	lvl=D	seq=1069	t=47430	msg=snapshot_fill battery_mv=3596 battery_pct=39
@SFDBG	v=1	node=96	src=app	lvl=D	seq=1070	t=47434	msg=build_snapshot_done session_ms=7326931 battery_valid=1 sensor_flags=0x001B
@SFDBG	v=1	node=96	src=packet	lvl=D	seq=1071	t=47441	msg=push_start session_ms=7326931 sensor_flags=0x001B has_ref=1 delta_count=6
@SFDBG	v=1	node=96	src=packet	lvl=D	seq=1072	t=47448	msg=delta_dt ref_session_ms=7321575 prev_session_ms=7326129 sample_session_ms=7326931 dtMs=802 dtTicks=3
@SFDBG	v=1	node=96	src=packet	lvl=D	seq=1073	t=47455	msg=bundle_delta_added count=7/14
@SFDBG	v=1	node=96	src=app	lvl=I	seq=1074	t=47459	msg=telemetry_ready snapshot_built session_ms=7326931 battery_valid=1 battery_mv=3596 battery_pct=39
@SFDBG	v=1	node=96	src=packet	lvl=D	seq=1075	t=47467	msg=handler_push_done status_ready=0 bundle_ready=0 push_bundle_ready=0
@SFDBG	v=1	node=96	src=duty	lvl=D	seq=1076	t=47472	msg=telemetry_mark_sent
@SFDBG	v=1	node=96	src=app	lvl=D	seq=1077	t=47475	msg=telemetry_marked_sent
@SFDBG	v=1	node=96	src=radio	lvl=D	seq=1078	t=47503	msg=rx_sleep slot=1
@SFDBG	v=1	node=96	src=duty	lvl=D	seq=1079	t=48087	msg=sample_tick phase_elapsed_ms=29003 sensor_count=5
@SFDBG	v=1	node=96	src=sht31	lvl=D	seq=1080	t=48092	msg=status ready=1 healthy=1 state=3 duty_class=AlwaysOn
@SFDBG	v=1	node=96	src=sht31	lvl=D	seq=1081	t=48119	msg=sht31,temp_c=22.78,humidity_pct=44.70,valid=1,t_ms=48117
@SFDBG	v=1	node=96	src=gps	lvl=D	seq=1082	t=48124	msg=status ready=1 healthy=1 state=3 duty_class=AlwaysOn
@SFDBG	v=1	node=96	src=gps	lvl=D	seq=1083	t=48129	msg=gps,fix=0,fixq=0,sats=0,lat=0.000000,lon=0.000000,alt=0.00,t=20:27:41,valid=0,t_ms=48127
@SFDBG	v=1	node=96	src=imu	lvl=D	seq=1084	t=48136	msg=status ready=1 healthy=1 state=3 duty_class=DutyCycled
@SFDBG	v=1	node=96	src=imu	lvl=D	seq=1085	t=48146	msg=imu,heading_deg=269.7,accuracy_deg=0.07,valid=1,t_ms=48144
@SFDBG	v=1	node=96	src=sps30	lvl=D	seq=1086	t=48152	msg=status ready=1 healthy=1 state=3 duty_class=WarmupHeavy
@SFDBG	v=1	node=96	src=sps30	lvl=D	seq=1087	t=48163	msg=sps30,pm1=0.75,pm25=0.86,pm4=0.92,pm10=0.95,valid=1,t_ms=48160
@SFDBG	v=1	node=96	src=wind	lvl=D	seq=1088	t=48168	msg=status ready=1 healthy=1 state=3 duty_class=WarmupHeavy
@SFDBG	v=1	node=96	src=wind	lvl=D	seq=1089	t=48175	msg=wind,raw_rv=745,raw_tmp=677,rv_v=4.042,tmp_v=3.673,temp_c=25.39,zero_v=1.738,wind_mph=535.27,wind_mps=239.29,valid=1,t_ms=48172
@SFDBG	v=1	node=96	src=battery	lvl=I	seq=1090	t=48186	msg=battery,raw=559,adc_v=1.801,v=3.603,pct=40.3,low=0,valid=1,t_ms=48057
@SFDBG	v=1	node=96	src=duty	lvl=D	seq=1091	t=48191	msg=fresh_sample_ready=1
@SFDBG	v=1	node=96	src=app	lvl=D	seq=1092	t=48194	msg=snapshot_session_ms=7327703
@SFDBG	v=1	node=96	src=app	lvl=D	seq=1093	t=48197	msg=build_snapshot_start session_ms=7327703 sensor_count=5
@SFDBG	v=1	node=96	src=battery	lvl=D	seq=1094	t=48203	msg=snapshot_fill battery_mv=3602 battery_pct=40
@SFDBG	v=1	node=96	src=app	lvl=D	seq=1095	t=48207	msg=build_snapshot_done session_ms=7327703 battery_valid=1 sensor_flags=0x001B
@SFDBG	v=1	node=96	src=packet	lvl=D	seq=1096	t=48214	msg=push_start session_ms=7327703 sensor_flags=0x001B has_ref=1 delta_count=7
@SFDBG	v=1	node=96	src=packet	lvl=D	seq=1097	t=48220	msg=delta_dt ref_session_ms=7321575 prev_session_ms=7326931 sample_session_ms=7327703 dtMs=772 dtTicks=3
@SFDBG	v=1	node=96	src=packet	lvl=D	seq=1098	t=48228	msg=bundle_delta_added count=8/14
@SFDBG	v=1	node=96	src=app	lvl=I	seq=1099	t=48231	msg=telemetry_ready snapshot_built session_ms=7327703 battery_valid=1 battery_mv=3602 battery_pct=40
@SFDBG	v=1	node=96	src=packet	lvl=D	seq=1100	t=48239	msg=handler_push_done status_ready=0 bundle_ready=0 push_bundle_ready=0
@SFDBG	v=1	node=96	src=duty	lvl=D	seq=1101	t=48245	msg=telemetry_mark_sent
@SFDBG	v=1	node=96	src=app	lvl=D	seq=1102	t=48247	msg=telemetry_marked_sent
@SFDBG	v=1	node=96	src=duty	lvl=D	seq=1103	t=48839	msg=sample_tick phase_elapsed_ms=29754 sensor_count=5
@SFDBG	v=1	node=96	src=sht31	lvl=D	seq=1104	t=48844	msg=status ready=1 healthy=1 state=3 duty_class=AlwaysOn
@SFDBG	v=1	node=96	src=sht31	lvl=D	seq=1105	t=48870	msg=sht31,temp_c=22.75,humidity_pct=44.68,valid=1,t_ms=48868
@SFDBG	v=1	node=96	src=gps	lvl=D	seq=1106	t=48876	msg=status ready=0 healthy=1 state=3 duty_class=AlwaysOn
@SFDBG	v=1	node=96	src=gps	lvl=D	seq=1107	t=48880	msg=sample_skipped reason=not_ready
@SFDBG	v=1	node=96	src=imu	lvl=D	seq=1108	t=48884	msg=status ready=1 healthy=1 state=3 duty_class=DutyCycled
@SFDBG	v=1	node=96	src=imu	lvl=D	seq=1109	t=48894	msg=imu,heading_deg=268.3,accuracy_deg=0.07,valid=1,t_ms=48892
@SFDBG	v=1	node=96	src=sps30	lvl=D	seq=1110	t=48899	msg=status ready=0 healthy=1 state=3 duty_class=WarmupHeavy
@SFDBG	v=1	node=96	src=sps30	lvl=D	seq=1111	t=48904	msg=sample_skipped reason=not_ready
@SFDBG	v=1	node=96	src=wind	lvl=D	seq=1112	t=48908	msg=status ready=1 healthy=1 state=3 duty_class=WarmupHeavy
@SFDBG	v=1	node=96	src=wind	lvl=D	seq=1113	t=48915	msg=wind,raw_rv=742,raw_tmp=681,rv_v=4.025,tmp_v=3.695,temp_c=25.07,zero_v=1.745,wind_mph=520.71,wind_mps=232.78,valid=1,t_ms=48912
@SFDBG	v=1	node=96	src=battery	lvl=I	seq=1114	t=48926	msg=battery,raw=559,adc_v=1.801,v=3.603,pct=40.3,low=0,valid=1,t_ms=48057
@SFDBG	v=1	node=96	src=duty	lvl=D	seq=1115	t=48932	msg=fresh_sample_ready=1
@SFDBG	v=1	node=96	src=app	lvl=D	seq=1116	t=48934	msg=snapshot_session_ms=7328443
@SFDBG	v=1	node=96	src=app	lvl=D	seq=1117	t=48937	msg=build_snapshot_start session_ms=7328443 sensor_count=5
@SFDBG	v=1	node=96	src=battery	lvl=D	seq=1118	t=48942	msg=snapshot_fill battery_mv=3602 battery_pct=40
@SFDBG	v=1	node=96	src=app	lvl=D	seq=1119	t=48947	msg=build_snapshot_done session_ms=7328443 battery_valid=1 sensor_flags=0x001B
@SFDBG	v=1	node=96	src=packet	lvl=D	seq=1120	t=48954	msg=push_start session_ms=7328443 sensor_flags=0x001B has_ref=1 delta_count=8
@SFDBG	v=1	node=96	src=packet	lvl=D	seq=1121	t=48960	msg=delta_dt ref_session_ms=7321575 prev_session_ms=7327703 sample_session_ms=7328443 dtMs=740 dtTicks=3
@SFDBG	v=1	node=96	src=packet	lvl=D	seq=1122	t=48968	msg=bundle_delta_added count=9/14
@SFDBG	v=1	node=96	src=app	lvl=I	seq=1123	t=48972	msg=telemetry_ready snapshot_built session_ms=7328443 battery_valid=1 battery_mv=3602 battery_pct=40
@SFDBG	v=1	node=96	src=packet	lvl=D	seq=1124	t=48980	msg=handler_push_done status_ready=0 bundle_ready=0 push_bundle_ready=0
@SFDBG	v=1	node=96	src=duty	lvl=D	seq=1125	t=48986	msg=telemetry_mark_sent
@SFDBG	v=1	node=96	src=app	lvl=D	seq=1126	t=48988	msg=telemetry_marked_sent
@SFDBG	v=1	node=96	src=duty	lvl=D	seq=1127	t=49604	msg=sample_tick phase_elapsed_ms=30520 sensor_count=5
@SFDBG	v=1	node=96	src=sht31	lvl=D	seq=1128	t=49609	msg=status ready=1 healthy=1 state=3 duty_class=AlwaysOn
@SFDBG	v=1	node=96	src=sht31	lvl=D	seq=1129	t=49636	msg=sht31,temp_c=22.74,humidity_pct=44.69,valid=1,t_ms=49634
@SFDBG	v=1	node=96	src=gps	lvl=D	seq=1130	t=49641	msg=status ready=1 healthy=1 state=3 duty_class=AlwaysOn
@SFDBG	v=1	node=96	src=gps	lvl=D	seq=1131	t=49647	msg=gps,fix=0,fixq=0,sats=0,lat=0.000000,lon=0.000000,alt=0.00,t=20:27:42,valid=0,t_ms=49645
@SFDBG	v=1	node=96	src=imu	lvl=D	seq=1132	t=49654	msg=status ready=1 healthy=1 state=3 duty_class=DutyCycled
@SFDBG	v=1	node=96	src=imu	lvl=D	seq=1133	t=49663	msg=imu,heading_deg=266.9,accuracy_deg=0.07,valid=1,t_ms=49661
@SFDBG	v=1	node=96	src=sps30	lvl=D	seq=1134	t=49669	msg=status ready=1 healthy=1 state=3 duty_class=WarmupHeavy
@SFDBG	v=1	node=96	src=sps30	lvl=D	seq=1135	t=49680	msg=sps30,pm1=0.74,pm25=0.85,pm4=0.90,pm10=0.92,valid=1,t_ms=49677
@SFDBG	v=1	node=96	src=wind	lvl=D	seq=1136	t=49685	msg=status ready=1 healthy=1 state=3 duty_class=WarmupHeavy
@SFDBG	v=1	node=96	src=wind	lvl=D	seq=1137	t=49692	msg=wind,raw_rv=744,raw_tmp=678,rv_v=4.036,tmp_v=3.678,temp_c=25.31,zero_v=1.739,wind_mph=530.75,wind_mps=237.27,valid=1,t_ms=49689
@SFDBG	v=1	node=96	src=battery	lvl=I	seq=1138	t=49703	msg=battery,raw=559,adc_v=1.801,v=3.603,pct=40.3,low=0,valid=1,t_ms=49069
@SFDBG	v=1	node=96	src=duty	lvl=D	seq=1139	t=49709	msg=fresh_sample_ready=1
@SFDBG	v=1	node=96	src=app	lvl=D	seq=1140	t=49711	msg=snapshot_session_ms=7329220
@SFDBG	v=1	node=96	src=app	lvl=D	seq=1141	t=49714	msg=build_snapshot_start session_ms=7329220 sensor_count=5
@SFDBG	v=1	node=96	src=battery	lvl=D	seq=1142	t=49720	msg=snapshot_fill battery_mv=3602 battery_pct=40
@SFDBG	v=1	node=96	src=app	lvl=D	seq=1143	t=49724	msg=build_snapshot_done session_ms=7329220 battery_valid=1 sensor_flags=0x001B
@SFDBG	v=1	node=96	src=packet	lvl=D	seq=1144	t=49731	msg=push_start session_ms=7329220 sensor_flags=0x001B has_ref=1 delta_count=9
@SFDBG	v=1	node=96	src=packet	lvl=I	seq=1145	t=49737	msg=status_encoded len=25 node=3 flags=0x06 session_ms=7329220 retx=0 fail=0
@SFDBG	v=1	node=96	src=packet	lvl=D	seq=1146	t=49744	msg=status_imu_payload node=3 heading_deg=266.9 accuracy_deg=0.07
@SFDBG	v=1	node=96	src=packet	lvl=D	seq=1147	t=49750	msg=delta_dt ref_session_ms=7321575 prev_session_ms=7328443 sample_session_ms=7329220 dtMs=777 dtTicks=3
@SFDBG	v=1	node=96	src=packet	lvl=D	seq=1148	t=49758	msg=bundle_delta_added count=10/14
@SFDBG	v=1	node=96	src=app	lvl=I	seq=1149	t=49762	msg=telemetry_ready snapshot_built session_ms=7329220 battery_valid=1 battery_mv=3602 battery_pct=40
@SFDBG	v=1	node=96	src=packet	lvl=D	seq=1150	t=49770	msg=handler_push_done status_ready=1 bundle_ready=0 push_bundle_ready=0
@SFDBG	v=1	node=96	src=radio	lvl=I	seq=1151	t=49776	msg=enqueue count=5 pkt=STATUS seq=4 len=25 q=1/8 pending=0 dropped=0
@SFDBG	v=1	node=96	src=packet	lvl=I	seq=1152	t=49782	msg=enqueue_ok pkt=STATUS seq=4 len=25 queue_depth=1
@SFDBG	v=1	node=96	src=duty	lvl=D	seq=1153	t=49787	msg=telemetry_mark_sent
@SFDBG	v=1	node=96	src=app	lvl=D	seq=1154	t=49790	msg=telemetry_marked_sent
@SFDBG	v=1	node=96	src=radio	lvl=D	seq=1155	t=49950	msg=rx_wake slot=3
@SFDBG	v=1	node=96	src=duty	lvl=D	seq=1156	t=50374	msg=sample_tick phase_elapsed_ms=31289 sensor_count=5
@SFDBG	v=1	node=96	src=sht31	lvl=D	seq=1157	t=50379	msg=status ready=1 healthy=1 state=3 duty_class=AlwaysOn
@SFDBG	v=1	node=96	src=sht31	lvl=D	seq=1158	t=50405	msg=sht31,temp_c=22.77,humidity_pct=44.72,valid=1,t_ms=50403
@SFDBG	v=1	node=96	src=gps	lvl=D	seq=1159	t=50411	msg=status ready=0 healthy=1 state=3 duty_class=AlwaysOn
@SFDBG	v=1	node=96	src=gps	lvl=D	seq=1160	t=50415	msg=sample_skipped reason=not_ready
@SFDBG	v=1	node=96	src=imu	lvl=D	seq=1161	t=50419	msg=status ready=1 healthy=1 state=3 duty_class=DutyCycled
@SFDBG	v=1	node=96	src=imu	lvl=D	seq=1162	t=50429	msg=imu,heading_deg=265.6,accuracy_deg=0.07,valid=1,t_ms=50427
@SFDBG	v=1	node=96	src=sps30	lvl=D	seq=1163	t=50434	msg=status ready=0 healthy=1 state=3 duty_class=WarmupHeavy
@SFDBG	v=1	node=96	src=sps30	lvl=D	seq=1164	t=50439	msg=sample_skipped reason=not_ready
@SFDBG	v=1	node=96	src=wind	lvl=D	seq=1165	t=50443	msg=status ready=1 healthy=1 state=3 duty_class=WarmupHeavy
@SFDBG	v=1	node=96	src=wind	lvl=D	seq=1166	t=50450	msg=wind,raw_rv=739,raw_tmp=671,rv_v=4.009,tmp_v=3.640,temp_c=25.89,zero_v=1.727,wind_mph=521.37,wind_mps=233.07,valid=1,t_ms=50447
@SFDBG	v=1	node=96	src=battery	lvl=I	seq=1167	t=50461	msg=battery,raw=559,adc_v=1.801,v=3.603,pct=40.3,low=0,valid=1,t_ms=50090
@SFDBG	v=1	node=96	src=duty	lvl=D	seq=1168	t=50467	msg=fresh_sample_ready=1
@SFDBG	v=1	node=96	src=app	lvl=D	seq=1169	t=50469	msg=snapshot_session_ms=7329978
@SFDBG	v=1	node=96	src=app	lvl=D	seq=1170	t=50473	msg=build_snapshot_start session_ms=7329978 sensor_count=5
@SFDBG	v=1	node=96	src=battery	lvl=D	seq=1171	t=50478	msg=snapshot_fill battery_mv=3602 battery_pct=40
@SFDBG	v=1	node=96	src=app	lvl=D	seq=1172	t=50482	msg=build_snapshot_done session_ms=7329978 battery_valid=1 sensor_flags=0x001B
@SFDBG	v=1	node=96	src=packet	lvl=D	seq=1173	t=50489	msg=push_start session_ms=7329978 sensor_flags=0x001B has_ref=1 delta_count=10
@SFDBG	v=1	node=96	src=packet	lvl=D	seq=1174	t=50495	msg=delta_dt ref_session_ms=7321575 prev_session_ms=7329220 sample_session_ms=7329978 dtMs=758 dtTicks=3
@SFDBG	v=1	node=96	src=packet	lvl=D	seq=1175	t=50503	msg=bundle_delta_added count=11/14
@SFDBG	v=1	node=96	src=app	lvl=I	seq=1176	t=50507	msg=telemetry_ready snapshot_built session_ms=7329978 battery_valid=1 battery_mv=3602 battery_pct=40
@SFDBG	v=1	node=96	src=packet	lvl=D	seq=1177	t=50515	msg=handler_push_done status_ready=0 bundle_ready=0 push_bundle_ready=0
@SFDBG	v=1	node=96	src=duty	lvl=D	seq=1178	t=50520	msg=telemetry_mark_sent
@SFDBG	v=1	node=96	src=app	lvl=D	seq=1179	t=50523	msg=telemetry_marked_sent
@SFDBG	v=1	node=96	src=radio	lvl=I	seq=1180	t=50636	msg=retx_health q=1/8 pending=0 unsent=0 ack_wait=0 retry_ready=0 fresh_holdoff_ms=9242 ack_seen=1
@SFDBG	v=1	node=96	src=radio	lvl=D	seq=1181	t=50996	msg=rx_sleep slot=1
@SFDBG	v=1	node=96	src=duty	lvl=D	seq=1182	t=51143	msg=sample_tick phase_elapsed_ms=32059 sensor_count=5
@SFDBG	v=1	node=96	src=sht31	lvl=D	seq=1183	t=51148	msg=status ready=1 healthy=1 state=3 duty_class=AlwaysOn
@SFDBG	v=1	node=96	src=sht31	lvl=D	seq=1184	t=51175	msg=sht31,temp_c=22.78,humidity_pct=44.74,valid=1,t_ms=51173
@SFDBG	v=1	node=96	src=gps	lvl=D	seq=1185	t=51180	msg=status ready=1 healthy=1 state=3 duty_class=AlwaysOn
@SFDBG	v=1	node=96	src=gps	lvl=D	seq=1186	t=51186	msg=gps,fix=0,fixq=0,sats=0,lat=0.000000,lon=0.000000,alt=0.00,t=20:27:44,valid=0,t_ms=51184
@SFDBG	v=1	node=96	src=imu	lvl=D	seq=1187	t=51193	msg=status ready=1 healthy=1 state=3 duty_class=DutyCycled
@SFDBG	v=1	node=96	src=imu	lvl=D	seq=1188	t=51203	msg=imu,heading_deg=264.3,accuracy_deg=0.07,valid=1,t_ms=51201
@SFDBG	v=1	node=96	src=sps30	lvl=D	seq=1189	t=51208	msg=status ready=1 healthy=1 state=3 duty_class=WarmupHeavy
@SFDBG	v=1	node=96	src=sps30	lvl=D	seq=1190	t=51219	msg=sps30,pm1=0.73,pm25=0.84,pm4=0.89,pm10=0.92,valid=1,t_ms=51217
@SFDBG	v=1	node=96	src=wind	lvl=D	seq=1191	t=51225	msg=status ready=1 healthy=1 state=3 duty_class=WarmupHeavy
@SFDBG	v=1	node=96	src=wind	lvl=D	seq=1192	t=51233	msg=wind,raw_rv=750,raw_tmp=683,rv_v=4.069,tmp_v=3.705,temp_c=24.90,zero_v=1.748,wind_mph=545.97,wind_mps=244.07,valid=1,t_ms=51229
@SFDBG	v=1	node=96	src=battery	lvl=I	seq=1193	t=51243	msg=battery,raw=559,adc_v=1.801,v=3.603,pct=40.3,low=0,valid=1,t_ms=51114
@SFDBG	v=1	node=96	src=duty	lvl=D	seq=1194	t=51249	msg=fresh_sample_ready=1
@SFDBG	v=1	node=96	src=app	lvl=D	seq=1195	t=51252	msg=snapshot_session_ms=7330761
@SFDBG	v=1	node=96	src=app	lvl=D	seq=1196	t=51255	msg=build_snapshot_start session_ms=7330761 sensor_count=5
@SFDBG	v=1	node=96	src=battery	lvl=D	seq=1197	t=51260	msg=snapshot_fill battery_mv=3602 battery_pct=40
@SFDBG	v=1	node=96	src=app	lvl=D	seq=1198	t=51265	msg=build_snapshot_done session_ms=7330761 battery_valid=1 sensor_flags=0x001B
@SFDBG	v=1	node=96	src=packet	lvl=D	seq=1199	t=51272	msg=push_start session_ms=7330761 sensor_flags=0x001B has_ref=1 delta_count=11
@SFDBG	v=1	node=96	src=packet	lvl=D	seq=1200	t=51278	msg=delta_dt ref_session_ms=7321575 prev_session_ms=7329978 sample_session_ms=7330761 dtMs=783 dtTicks=3
@SFDBG	v=1	node=96	src=packet	lvl=D	seq=1201	t=51286	msg=bundle_delta_added count=12/14
@SFDBG	v=1	node=96	src=app	lvl=I	seq=1202	t=51290	msg=telemetry_ready snapshot_built session_ms=7330761 battery_valid=1 battery_mv=3602 battery_pct=40
@SFDBG	v=1	node=96	src=packet	lvl=D	seq=1203	t=51298	msg=handler_push_done status_ready=0 bundle_ready=0 push_bundle_ready=0
@SFDBG	v=1	node=96	src=duty	lvl=D	seq=1204	t=51304	msg=telemetry_mark_sent
@SFDBG	v=1	node=96	src=app	lvl=D	seq=1205	t=51306	msg=telemetry_marked_sent
@SFDBG	v=1	node=96	src=radio	lvl=D	seq=1206	t=51915	msg=tx_noack pkt=STATUS seq=4 len=25 slot=8146
@SFDBG	v=1	node=96	src=radio	lvl=D	seq=1207	t=51920	msg=pending_add seq=4 index=0 len=25 sent_ok=1 pending=1
@SFDBG	v=1	node=96	src=radio	lvl=I	seq=1208	t=51926	msg=tx_sent count=5 pkt=STATUS seq=4 len=25 slot=8146 mode=APP_ACK_SUMMARY link_ack=OFF retries_used=0 q=0/8 pending=1 dropped=0
@SFDBG	v=1	node=96	src=duty	lvl=D	seq=1209	t=51938	msg=sample_tick phase_elapsed_ms=32854 sensor_count=5
@SFDBG	v=1	node=96	src=sht31	lvl=D	seq=1210	t=51943	msg=status ready=1 healthy=1 state=3 duty_class=AlwaysOn
@SFDBG	v=1	node=96	src=sht31	lvl=D	seq=1211	t=51970	msg=sht31,temp_c=22.79,humidity_pct=44.76,valid=1,t_ms=51968
@SFDBG	v=1	node=96	src=gps	lvl=D	seq=1212	t=51975	msg=status ready=0 healthy=1 state=3 duty_class=AlwaysOn
@SFDBG	v=1	node=96	src=gps	lvl=D	seq=1213	t=51980	msg=sample_skipped reason=not_ready
@SFDBG	v=1	node=96	src=imu	lvl=D	seq=1214	t=51984	msg=status ready=1 healthy=1 state=3 duty_class=DutyCycled
@SFDBG	v=1	node=96	src=imu	lvl=D	seq=1215	t=51993	msg=imu,heading_deg=263.1,accuracy_deg=0.07,valid=1,t_ms=51992
@SFDBG	v=1	node=96	src=sps30	lvl=D	seq=1216	t=51999	msg=status ready=0 healthy=1 state=3 duty_class=WarmupHeavy
@SFDBG	v=1	node=96	src=sps30	lvl=D	seq=1217	t=52004	msg=sample_skipped reason=not_ready
@SFDBG	v=1	node=96	src=wind	lvl=D	seq=1218	t=52008	msg=status ready=1 healthy=1 state=3 duty_class=WarmupHeavy
@SFDBG	v=1	node=96	src=wind	lvl=D	seq=1219	t=52015	msg=wind,raw_rv=756,raw_tmp=689,rv_v=4.101,tmp_v=3.738,temp_c=24.42,zero_v=1.758,wind_mph=560.39,wind_mps=250.52,valid=1,t_ms=52012
@SFDBG	v=1	node=96	src=battery	lvl=I	seq=1220	t=52026	msg=battery,raw=559,adc_v=1.801,v=3.603,pct=40.3,low=0,valid=1,t_ms=51114
@SFDBG	v=1	node=96	src=duty	lvl=D	seq=1221	t=52032	msg=fresh_sample_ready=1
@SFDBG	v=1	node=96	src=app	lvl=D	seq=1222	t=52034	msg=snapshot_session_ms=7331543
@SFDBG	v=1	node=96	src=app	lvl=D	seq=1223	t=52038	msg=build_snapshot_start session_ms=7331543 sensor_count=5
@SFDBG	v=1	node=96	src=battery	lvl=D	seq=1224	t=52043	msg=snapshot_fill battery_mv=3602 battery_pct=40
@SFDBG	v=1	node=96	src=app	lvl=D	seq=1225	t=52047	msg=build_snapshot_done session_ms=7331543 battery_valid=1 sensor_flags=0x001B
@SFDBG	v=1	node=96	src=packet	lvl=D	seq=1226	t=52054	msg=push_start session_ms=7331543 sensor_flags=0x001B has_ref=1 delta_count=12
@SFDBG	v=1	node=96	src=packet	lvl=D	seq=1227	t=52060	msg=delta_dt ref_session_ms=7321575 prev_session_ms=7330761 sample_session_ms=7331543 dtMs=782 dtTicks=3
@SFDBG	v=1	node=96	src=packet	lvl=D	seq=1228	t=52068	msg=bundle_delta_added count=13/14
@SFDBG	v=1	node=96	src=app	lvl=I	seq=1229	t=52072	msg=telemetry_ready snapshot_built session_ms=7331543 battery_valid=1 battery_mv=3602 battery_pct=40
@SFDBG	v=1	node=96	src=packet	lvl=D	seq=1230	t=52080	msg=handler_push_done status_ready=0 bundle_ready=0 push_bundle_ready=0
@SFDBG	v=1	node=96	src=duty	lvl=D	seq=1231	t=52086	msg=telemetry_mark_sent
@SFDBG	v=1	node=96	src=app	lvl=D	seq=1232	t=52088	msg=telemetry_marked_sent
