@SFDBG	v=1	node=96	src=radio	lvl=D	seq=674	t=35757	msg=rx_lora from=1 pkt=ACK_SUMMARY seq=171 len=9 rssi=-99
@SFDBG	v=1	node=96	src=radio	lvl=I	seq=675	t=35762	msg=ack_summary_received count=3 node=3 base_seq=2 mask=0x0000
@SFDBG	v=1	node=96	src=radio	lvl=I	seq=676	t=35768	msg=ack_summary_acked seq=2 attempts=1 base_seq=2 mask=0x0000 q=0/8 pending=1 dropped=0
@SFDBG	v=1	node=96	src=duty	lvl=D	seq=677	t=35911	msg=sample_tick phase_elapsed_ms=16826 sensor_count=5
@SFDBG	v=1	node=96	src=sht31	lvl=D	seq=678	t=35916	msg=status ready=1 healthy=1 state=3 duty_class=AlwaysOn
@SFDBG	v=1	node=96	src=sht31	lvl=D	seq=679	t=35942	msg=sht31,temp_c=22.83,humidity_pct=44.66,valid=1,t_ms=35940
@SFDBG	v=1	node=96	src=gps	lvl=D	seq=680	t=35948	msg=status ready=1 healthy=1 state=3 duty_class=AlwaysOn
@SFDBG	v=1	node=96	src=gps	lvl=D	seq=681	t=35953	msg=gps,fix=0,fixq=0,sats=0,lat=0.000000,lon=0.000000,alt=0.00,t=20:27:29,valid=0,t_ms=35951
@SFDBG	v=1	node=96	src=imu	lvl=D	seq=682	t=35961	msg=status ready=1 healthy=1 state=3 duty_class=DutyCycled
@SFDBG	v=1	node=96	src=imu	lvl=D	seq=683	t=35970	msg=imu,heading_deg=296.5,accuracy_deg=0.08,valid=1,t_ms=35968
@SFDBG	v=1	node=96	src=sps30	lvl=D	seq=684	t=35976	msg=status ready=1 healthy=1 state=3 duty_class=WarmupHeavy
@SFDBG	v=1	node=96	src=sps30	lvl=D	seq=685	t=35987	msg=sps30,pm1=1.02,pm25=1.22,pm4=1.34,pm10=1.40,valid=1,t_ms=35985
@SFDBG	v=1	node=96	src=wind	lvl=D	seq=686	t=35993	msg=status ready=1 healthy=1 state=3 duty_class=WarmupHeavy
@SFDBG	v=1	node=96	src=wind	lvl=D	seq=687	t=36000	msg=wind,raw_rv=746,raw_tmp=681,rv_v=4.047,tmp_v=3.695,temp_c=25.07,zero_v=1.745,wind_mph=534.33,wind_mps=238.87,valid=1,t_ms=35997
@SFDBG	v=1	node=96	src=battery	lvl=I	seq=688	t=36011	msg=battery,raw=559,adc_v=1.801,v=3.603,pct=40.3,low=0,valid=1,t_ms=35881
@SFDBG	v=1	node=96	src=duty	lvl=D	seq=689	t=36017	msg=fresh_sample_ready=1
@SFDBG	v=1	node=96	src=app	lvl=D	seq=690	t=36020	msg=snapshot_session_ms=7315480
@SFDBG	v=1	node=96	src=app	lvl=D	seq=691	t=36023	msg=build_snapshot_start session_ms=7315480 sensor_count=5
@SFDBG	v=1	node=96	src=battery	lvl=D	seq=692	t=36028	msg=snapshot_fill battery_mv=3602 battery_pct=40
@SFDBG	v=1	node=96	src=app	lvl=D	seq=693	t=36032	msg=build_snapshot_done session_ms=7315480 battery_valid=1 sensor_flags=0x001B
@SFDBG	v=1	node=96	src=packet	lvl=D	seq=694	t=36039	msg=push_start session_ms=7315480 sensor_flags=0x001B has_ref=1 delta_count=6
@SFDBG	v=1	node=96	src=packet	lvl=D	seq=695	t=36045	msg=delta_dt ref_session_ms=7310052 prev_session_ms=7314627 sample_session_ms=7315480 dtMs=853 dtTicks=3
@SFDBG	v=1	node=96	src=packet	lvl=D	seq=696	t=36053	msg=bundle_delta_added count=7/14
@SFDBG	v=1	node=96	src=app	lvl=I	seq=697	t=36057	msg=telemetry_ready snapshot_built session_ms=7315480 battery_valid=1 battery_mv=3602 battery_pct=40
@SFDBG	v=1	node=96	src=packet	lvl=D	seq=698	t=36064	msg=handler_push_done status_ready=0 bundle_ready=0 push_bundle_ready=0
@SFDBG	v=1	node=96	src=duty	lvl=D	seq=699	t=36070	msg=telemetry_mark_sent
@SFDBG	v=1	node=96	src=app	lvl=D	seq=700	t=36073	msg=telemetry_marked_sent
@SFDBG	v=1	node=96	src=radio	lvl=D	seq=701	t=36665	msg=rx_sleep slot=1
@SFDBG	v=1	node=96	src=duty	lvl=D	seq=702	t=36671	msg=sample_tick phase_elapsed_ms=17587 sensor_count=5
@SFDBG	v=1	node=96	src=sht31	lvl=D	seq=703	t=36676	msg=status ready=1 healthy=1 state=3 duty_class=AlwaysOn
@SFDBG	v=1	node=96	src=sht31	lvl=D	seq=704	t=36703	msg=sht31,temp_c=22.83,humidity_pct=44.66,valid=1,t_ms=36701
@SFDBG	v=1	node=96	src=gps	lvl=D	seq=705	t=36708	msg=status ready=0 healthy=1 state=3 duty_class=AlwaysOn
@SFDBG	v=1	node=96	src=gps	lvl=D	seq=706	t=36713	msg=sample_skipped reason=not_ready
@SFDBG	v=1	node=96	src=imu	lvl=D	seq=707	t=36717	msg=status ready=1 healthy=1 state=3 duty_class=DutyCycled
@SFDBG	v=1	node=96	src=imu	lvl=D	seq=708	t=36726	msg=imu,heading_deg=294.5,accuracy_deg=0.08,valid=1,t_ms=36724
@SFDBG	v=1	node=96	src=sps30	lvl=D	seq=709	t=36732	msg=status ready=0 healthy=1 state=3 duty_class=WarmupHeavy
@SFDBG	v=1	node=96	src=sps30	lvl=D	seq=710	t=36737	msg=sample_skipped reason=not_ready
@SFDBG	v=1	node=96	src=wind	lvl=D	seq=711	t=36741	msg=status ready=1 healthy=1 state=3 duty_class=WarmupHeavy
@SFDBG	v=1	node=96	src=wind	lvl=D	seq=712	t=36748	msg=wind,raw_rv=750,raw_tmp=683,rv_v=4.069,tmp_v=3.705,temp_c=24.90,zero_v=1.748,wind_mph=545.97,wind_mps=244.07,valid=1,t_ms=36745
@SFDBG	v=1	node=96	src=battery	lvl=I	seq=713	t=36759	msg=battery,raw=559,adc_v=1.801,v=3.603,pct=40.3,low=0,valid=1,t_ms=35881
@SFDBG	v=1	node=96	src=duty	lvl=D	seq=714	t=36764	msg=fresh_sample_ready=1
@SFDBG	v=1	node=96	src=app	lvl=D	seq=715	t=36767	msg=snapshot_session_ms=7316228
@SFDBG	v=1	node=96	src=app	lvl=D	seq=716	t=36770	msg=build_snapshot_start session_ms=7316228 sensor_count=5
@SFDBG	v=1	node=96	src=battery	lvl=D	seq=717	t=36775	msg=snapshot_fill battery_mv=3602 battery_pct=40
@SFDBG	v=1	node=96	src=app	lvl=D	seq=718	t=36780	msg=build_snapshot_done session_ms=7316228 battery_valid=1 sensor_flags=0x001B
@SFDBG	v=1	node=96	src=packet	lvl=D	seq=719	t=36786	msg=push_start session_ms=7316228 sensor_flags=0x001B has_ref=1 delta_count=7
@SFDBG	v=1	node=96	src=packet	lvl=D	seq=720	t=36793	msg=delta_dt ref_session_ms=7310052 prev_session_ms=7315480 sample_session_ms=7316228 dtMs=748 dtTicks=3
@SFDBG	v=1	node=96	src=packet	lvl=D	seq=721	t=36801	msg=bundle_delta_added count=8/14
@SFDBG	v=1	node=96	src=app	lvl=I	seq=722	t=36805	msg=telemetry_ready snapshot_built session_ms=7316228 battery_valid=1 battery_mv=3602 battery_pct=40
@SFDBG	v=1	node=96	src=packet	lvl=D	seq=723	t=36812	msg=handler_push_done status_ready=0 bundle_ready=0 push_bundle_ready=0
@SFDBG	v=1	node=96	src=duty	lvl=D	seq=724	t=36818	msg=telemetry_mark_sent
@SFDBG	v=1	node=96	src=app	lvl=D	seq=725	t=36821	msg=telemetry_marked_sent
@SFDBG	v=1	node=96	src=duty	lvl=D	seq=726	t=37434	msg=sample_tick phase_elapsed_ms=18349 sensor_count=5
@SFDBG	v=1	node=96	src=sht31	lvl=D	seq=727	t=37439	msg=status ready=1 healthy=1 state=3 duty_class=AlwaysOn
@SFDBG	v=1	node=96	src=sht31	lvl=D	seq=728	t=37465	msg=sht31,temp_c=22.81,humidity_pct=44.77,valid=1,t_ms=37463
@SFDBG	v=1	node=96	src=gps	lvl=D	seq=729	t=37471	msg=status ready=1 healthy=1 state=3 duty_class=AlwaysOn
@SFDBG	v=1	node=96	src=gps	lvl=D	seq=730	t=37476	msg=gps,fix=0,fixq=0,sats=0,lat=0.000000,lon=0.000000,alt=0.00,t=20:27:30,valid=0,t_ms=37474
@SFDBG	v=1	node=96	src=imu	lvl=D	seq=731	t=37483	msg=status ready=1 healthy=1 state=3 duty_class=DutyCycled
@SFDBG	v=1	node=96	src=imu	lvl=D	seq=732	t=37493	msg=imu,heading_deg=292.4,accuracy_deg=0.08,valid=1,t_ms=37491
@SFDBG	v=1	node=96	src=sps30	lvl=D	seq=733	t=37498	msg=status ready=1 healthy=1 state=3 duty_class=WarmupHeavy
@SFDBG	v=1	node=96	src=sps30	lvl=D	seq=734	t=37509	msg=sps30,pm1=0.97,pm25=1.17,pm4=1.28,pm10=1.34,valid=1,t_ms=37507
@SFDBG	v=1	node=96	src=wind	lvl=D	seq=735	t=37515	msg=status ready=1 healthy=1 state=3 duty_class=WarmupHeavy
@SFDBG	v=1	node=96	src=wind	lvl=D	seq=736	t=37522	msg=wind,raw_rv=757,raw_tmp=690,rv_v=4.107,tmp_v=3.743,temp_c=24.33,zero_v=1.760,wind_mph=562.83,wind_mps=251.61,valid=1,t_ms=37518
@SFDBG	v=1	node=96	src=battery	lvl=I	seq=737	t=37533	msg=battery,raw=558,adc_v=1.798,v=3.596,pct=39.6,low=0,valid=1,t_ms=36901
@SFDBG	v=1	node=96	src=duty	lvl=D	seq=738	t=37538	msg=fresh_sample_ready=1
@SFDBG	v=1	node=96	src=app	lvl=D	seq=739	t=37541	msg=snapshot_session_ms=7317002
@SFDBG	v=1	node=96	src=app	lvl=D	seq=740	t=37544	msg=build_snapshot_start session_ms=7317002 sensor_count=5
@SFDBG	v=1	node=96	src=battery	lvl=D	seq=741	t=37550	msg=snapshot_fill battery_mv=3596 battery_pct=39
@SFDBG	v=1	node=96	src=app	lvl=D	seq=742	t=37554	msg=build_snapshot_done session_ms=7317002 battery_valid=1 sensor_flags=0x001B
@SFDBG	v=1	node=96	src=packet	lvl=D	seq=743	t=37560	msg=push_start session_ms=7317002 sensor_flags=0x001B has_ref=1 delta_count=8
@SFDBG	v=1	node=96	src=packet	lvl=D	seq=744	t=37567	msg=delta_dt ref_session_ms=7310052 prev_session_ms=7316228 sample_session_ms=7317002 dtMs=774 dtTicks=3
@SFDBG	v=1	node=96	src=packet	lvl=D	seq=745	t=37575	msg=bundle_delta_added count=9/14
@SFDBG	v=1	node=96	src=app	lvl=I	seq=746	t=37578	msg=telemetry_ready snapshot_built session_ms=7317002 battery_valid=1 battery_mv=3596 battery_pct=39
@SFDBG	v=1	node=96	src=packet	lvl=D	seq=747	t=37586	msg=handler_push_done status_ready=0 bundle_ready=0 push_bundle_ready=0
@SFDBG	v=1	node=96	src=duty	lvl=D	seq=748	t=37592	msg=telemetry_mark_sent
@SFDBG	v=1	node=96	src=app	lvl=D	seq=749	t=37594	msg=telemetry_marked_sent
@SFDBG	v=1	node=96	src=duty	lvl=D	seq=750	t=38205	msg=sample_tick phase_elapsed_ms=19121 sensor_count=5
@SFDBG	v=1	node=96	src=sht31	lvl=D	seq=751	t=38210	msg=status ready=1 healthy=1 state=3 duty_class=AlwaysOn
@SFDBG	v=1	node=96	src=sht31	lvl=D	seq=752	t=38237	msg=sht31,temp_c=22.81,humidity_pct=44.82,valid=1,t_ms=38235
@SFDBG	v=1	node=96	src=gps	lvl=D	seq=753	t=38242	msg=status ready=0 healthy=1 state=3 duty_class=AlwaysOn
@SFDBG	v=1	node=96	src=gps	lvl=D	seq=754	t=38247	msg=sample_skipped reason=not_ready
@SFDBG	v=1	node=96	src=imu	lvl=D	seq=755	t=38251	msg=status ready=1 healthy=1 state=3 duty_class=DutyCycled
@SFDBG	v=1	node=96	src=imu	lvl=D	seq=756	t=38260	msg=imu,heading_deg=290.4,accuracy_deg=0.08,valid=1,t_ms=38258
@SFDBG	v=1	node=96	src=sps30	lvl=D	seq=757	t=38266	msg=status ready=0 healthy=1 state=3 duty_class=WarmupHeavy
@SFDBG	v=1	node=96	src=sps30	lvl=D	seq=758	t=38271	msg=sample_skipped reason=not_ready
@SFDBG	v=1	node=96	src=wind	lvl=D	seq=759	t=38275	msg=status ready=1 healthy=1 state=3 duty_class=WarmupHeavy
@SFDBG	v=1	node=96	src=wind	lvl=D	seq=760	t=38282	msg=wind,raw_rv=743,raw_tmp=674,rv_v=4.031,tmp_v=3.657,temp_c=25.64,zero_v=1.733,wind_mph=531.70,wind_mps=237.69,valid=1,t_ms=38279
@SFDBG	v=1	node=96	src=battery	lvl=I	seq=761	t=38293	msg=battery,raw=558,adc_v=1.798,v=3.596,pct=39.6,low=0,valid=1,t_ms=37921
@SFDBG	v=1	node=96	src=duty	lvl=D	seq=762	t=38299	msg=fresh_sample_ready=1
@SFDBG	v=1	node=96	src=app	lvl=D	seq=763	t=38302	msg=snapshot_session_ms=7317762
@SFDBG	v=1	node=96	src=app	lvl=D	seq=764	t=38305	msg=build_snapshot_start session_ms=7317762 sensor_count=5
@SFDBG	v=1	node=96	src=battery	lvl=D	seq=765	t=38310	msg=snapshot_fill battery_mv=3596 battery_pct=39
@SFDBG	v=1	node=96	src=app	lvl=D	seq=766	t=38314	msg=build_snapshot_done session_ms=7317762 battery_valid=1 sensor_flags=0x001B
@SFDBG	v=1	node=96	src=packet	lvl=D	seq=767	t=38321	msg=push_start session_ms=7317762 sensor_flags=0x001B has_ref=1 delta_count=9
@SFDBG	v=1	node=96	src=packet	lvl=D	seq=768	t=38327	msg=delta_dt ref_session_ms=7310052 prev_session_ms=7317002 sample_session_ms=7317762 dtMs=760 dtTicks=3
@SFDBG	v=1	node=96	src=packet	lvl=D	seq=769	t=38335	msg=bundle_delta_added count=10/14
@SFDBG	v=1	node=96	src=app	lvl=I	seq=770	t=38339	msg=telemetry_ready snapshot_built session_ms=7317762 battery_valid=1 battery_mv=3596 battery_pct=39
@SFDBG	v=1	node=96	src=packet	lvl=D	seq=771	t=38347	msg=handler_push_done status_ready=0 bundle_ready=0 push_bundle_ready=0
@SFDBG	v=1	node=96	src=duty	lvl=D	seq=772	t=38353	msg=telemetry_mark_sent
@SFDBG	v=1	node=96	src=app	lvl=D	seq=773	t=38355	msg=telemetry_marked_sent
@SFDBG	v=1	node=96	src=duty	lvl=D	seq=774	t=38965	msg=sample_tick phase_elapsed_ms=19880 sensor_count=5
@SFDBG	v=1	node=96	src=sht31	lvl=D	seq=775	t=38970	msg=status ready=1 healthy=1 state=3 duty_class=AlwaysOn
@SFDBG	v=1	node=96	src=sht31	lvl=D	seq=776	t=38996	msg=sht31,temp_c=22.77,humidity_pct=44.79,valid=1,t_ms=38995
@SFDBG	v=1	node=96	src=gps	lvl=D	seq=777	t=39002	msg=status ready=1 healthy=1 state=3 duty_class=AlwaysOn
@SFDBG	v=1	node=96	src=gps	lvl=D	seq=778	t=39007	msg=gps,fix=0,fixq=0,sats=0,lat=0.000000,lon=0.000000,alt=0.00,t=20:27:32,valid=0,t_ms=39005
@SFDBG	v=1	node=96	src=imu	lvl=D	seq=779	t=39014	msg=status ready=1 healthy=1 state=3 duty_class=DutyCycled
@SFDBG	v=1	node=96	src=imu	lvl=D	seq=780	t=39024	msg=imu,heading_deg=288.5,accuracy_deg=0.08,valid=1,t_ms=39022
@SFDBG	v=1	node=96	src=sps30	lvl=D	seq=781	t=39029	msg=status ready=1 healthy=1 state=3 duty_class=WarmupHeavy
@SFDBG	v=1	node=96	src=sps30	lvl=D	seq=782	t=39040	msg=sps30,pm1=0.92,pm25=1.10,pm4=1.21,pm10=1.26,valid=1,t_ms=39038
@SFDBG	v=1	node=96	src=wind	lvl=D	seq=783	t=39046	msg=status ready=1 healthy=1 state=3 duty_class=WarmupHeavy
@SFDBG	v=1	node=96	src=wind	lvl=D	seq=784	t=39053	msg=wind,raw_rv=754,raw_tmp=687,rv_v=4.091,tmp_v=3.727,temp_c=24.58,zero_v=1.755,wind_mph=555.55,wind_mps=248.35,valid=1,t_ms=39049
@SFDBG	v=1	node=96	src=battery	lvl=I	seq=785	t=39063	msg=battery,raw=559,adc_v=1.801,v=3.603,pct=40.3,low=0,valid=1,t_ms=38935
@SFDBG	v=1	node=96	src=duty	lvl=D	seq=786	t=39069	msg=fresh_sample_ready=1
@SFDBG	v=1	node=96	src=app	lvl=D	seq=787	t=39072	msg=snapshot_session_ms=7318533
@SFDBG	v=1	node=96	src=app	lvl=D	seq=788	t=39075	msg=build_snapshot_start session_ms=7318533 sensor_count=5
@SFDBG	v=1	node=96	src=battery	lvl=D	seq=789	t=39080	msg=snapshot_fill battery_mv=3602 battery_pct=40
@SFDBG	v=1	node=96	src=app	lvl=D	seq=790	t=39085	msg=build_snapshot_done session_ms=7318533 battery_valid=1 sensor_flags=0x001B
@SFDBG	v=1	node=96	src=packet	lvl=D	seq=791	t=39091	msg=push_start session_ms=7318533 sensor_flags=0x001B has_ref=1 delta_count=10
@SFDBG	v=1	node=96	src=packet	lvl=D	seq=792	t=39098	msg=delta_dt ref_session_ms=7310052 prev_session_ms=7317762 sample_session_ms=7318533 dtMs=771 dtTicks=3
@SFDBG	v=1	node=96	src=packet	lvl=D	seq=793	t=39106	msg=bundle_delta_added count=11/14
@SFDBG	v=1	node=96	src=app	lvl=I	seq=794	t=39110	msg=telemetry_ready snapshot_built session_ms=7318533 battery_valid=1 battery_mv=3602 battery_pct=40
@SFDBG	v=1	node=96	src=packet	lvl=D	seq=795	t=39118	msg=handler_push_done status_ready=0 bundle_ready=0 push_bundle_ready=0
@SFDBG	v=1	node=96	src=duty	lvl=D	seq=796	t=39123	msg=telemetry_mark_sent
@SFDBG	v=1	node=96	src=app	lvl=D	seq=797	t=39126	msg=telemetry_marked_sent
@SFDBG	v=1	node=96	src=radio	lvl=D	seq=798	t=39210	msg=rx_wake slot=3
@SFDBG	v=1	node=96	src=duty	lvl=D	seq=799	t=39718	msg=sample_tick phase_elapsed_ms=20634 sensor_count=5
@SFDBG	v=1	node=96	src=sht31	lvl=D	seq=800	t=39723	msg=status ready=1 healthy=1 state=3 duty_class=AlwaysOn
@SFDBG	v=1	node=96	src=sht31	lvl=D	seq=801	t=39750	msg=sht31,temp_c=22.77,humidity_pct=44.74,valid=1,t_ms=39748
@SFDBG	v=1	node=96	src=gps	lvl=D	seq=802	t=39755	msg=status ready=0 healthy=1 state=3 duty_class=AlwaysOn
@SFDBG	v=1	node=96	src=gps	lvl=D	seq=803	t=39760	msg=sample_skipped reason=not_ready
@SFDBG	v=1	node=96	src=imu	lvl=D	seq=804	t=39764	msg=status ready=1 healthy=1 state=3 duty_class=DutyCycled
@SFDBG	v=1	node=96	src=imu	lvl=D	seq=805	t=39773	msg=imu,heading_deg=286.7,accuracy_deg=0.08,valid=1,t_ms=39771
@SFDBG	v=1	node=96	src=sps30	lvl=D	seq=806	t=39779	msg=status ready=0 healthy=1 state=3 duty_class=WarmupHeavy
@SFDBG	v=1	node=96	src=sps30	lvl=D	seq=807	t=39784	msg=sample_skipped reason=not_ready
@SFDBG	v=1	node=96	src=wind	lvl=D	seq=808	t=39788	msg=status ready=1 healthy=1 state=3 duty_class=WarmupHeavy
@SFDBG	v=1	node=96	src=wind	lvl=D	seq=809	t=39795	msg=wind,raw_rv=747,raw_tmp=681,rv_v=4.053,tmp_v=3.695,temp_c=25.07,zero_v=1.745,wind_mph=537.77,wind_mps=240.41,valid=1,t_ms=39792
@SFDBG	v=1	node=96	src=battery	lvl=I	seq=810	t=39805	msg=battery,raw=559,adc_v=1.801,v=3.603,pct=40.3,low=0,valid=1,t_ms=38935
@SFDBG	v=1	node=96	src=duty	lvl=D	seq=811	t=39811	msg=fresh_sample_ready=1
@SFDBG	v=1	node=96	src=app	lvl=D	seq=812	t=39814	msg=snapshot_session_ms=7319275
@SFDBG	v=1	node=96	src=app	lvl=D	seq=813	t=39817	msg=build_snapshot_start session_ms=7319275 sensor_count=5
@SFDBG	v=1	node=96	src=battery	lvl=D	seq=814	t=39822	msg=snapshot_fill battery_mv=3602 battery_pct=40
@SFDBG	v=1	node=96	src=app	lvl=D	seq=815	t=39827	msg=build_snapshot_done session_ms=7319275 battery_valid=1 sensor_flags=0x001B
@SFDBG	v=1	node=96	src=packet	lvl=D	seq=816	t=39833	msg=push_start session_ms=7319275 sensor_flags=0x001B has_ref=1 delta_count=11
@SFDBG	v=1	node=96	src=packet	lvl=D	seq=817	t=39840	msg=delta_dt ref_session_ms=7310052 prev_session_ms=7318533 sample_session_ms=7319275 dtMs=742 dtTicks=3
@SFDBG	v=1	node=96	src=packet	lvl=D	seq=818	t=39848	msg=bundle_delta_added count=12/14
@SFDBG	v=1	node=96	src=app	lvl=I	seq=819	t=39852	msg=telemetry_ready snapshot_built session_ms=7319275 battery_valid=1 battery_mv=3602 battery_pct=40
@SFDBG	v=1	node=96	src=packet	lvl=D	seq=820	t=39859	msg=handler_push_done status_ready=0 bundle_ready=0 push_bundle_ready=0
@SFDBG	v=1	node=96	src=duty	lvl=D	seq=821	t=39865	msg=telemetry_mark_sent
@SFDBG	v=1	node=96	src=app	lvl=D	seq=822	t=39868	msg=telemetry_marked_sent
@SFDBG	v=1	node=96	src=radio	lvl=D	seq=823	t=40254	msg=rx_sleep slot=1
@SFDBG	v=1	node=96	src=duty	lvl=D	seq=824	t=40486	msg=sample_tick phase_elapsed_ms=21402 sensor_count=5
@SFDBG	v=1	node=96	src=sht31	lvl=D	seq=825	t=40491	msg=status ready=1 healthy=1 state=3 duty_class=AlwaysOn
@SFDBG	v=1	node=96	src=sht31	lvl=D	seq=826	t=40518	msg=sht31,temp_c=22.75,humidity_pct=44.74,valid=1,t_ms=40516
@SFDBG	v=1	node=96	src=gps	lvl=D	seq=827	t=40523	msg=status ready=1 healthy=1 state=3 duty_class=AlwaysOn
@SFDBG	v=1	node=96	src=gps	lvl=D	seq=828	t=40529	msg=gps,fix=0,fixq=0,sats=0,lat=0.000000,lon=0.000000,alt=0.00,t=20:27:33,valid=0,t_ms=40527
@SFDBG	v=1	node=96	src=imu	lvl=D	seq=829	t=40536	msg=status ready=1 healthy=1 state=3 duty_class=DutyCycled
@SFDBG	v=1	node=96	src=imu	lvl=D	seq=830	t=40546	msg=imu,heading_deg=285.0,accuracy_deg=0.08,valid=1,t_ms=40544
@SFDBG	v=1	node=96	src=sps30	lvl=D	seq=831	t=40551	msg=status ready=1 healthy=1 state=3 duty_class=WarmupHeavy
@SFDBG	v=1	node=96	src=sps30	lvl=D	seq=832	t=40562	msg=sps30,pm1=0.91,pm25=1.08,pm4=1.17,pm10=1.22,valid=1,t_ms=40560
@SFDBG	v=1	node=96	src=wind	lvl=D	seq=833	t=40568	msg=status ready=1 healthy=1 state=3 duty_class=WarmupHeavy
@SFDBG	v=1	node=96	src=wind	lvl=D	seq=834	t=40575	msg=wind,raw_rv=746,raw_tmp=679,rv_v=4.047,tmp_v=3.684,temp_c=25.23,zero_v=1.741,wind_mph=536.52,wind_mps=239.84,valid=1,t_ms=40571
@SFDBG	v=1	node=96	src=battery	lvl=I	seq=835	t=40585	msg=battery,raw=557,adc_v=1.795,v=3.590,pct=39.0,low=0,valid=1,t_ms=39948
@SFDBG	v=1	node=96	src=duty	lvl=D	seq=836	t=40591	msg=fresh_sample_ready=1
@SFDBG	v=1	node=96	src=app	lvl=D	seq=837	t=40594	msg=snapshot_session_ms=7320055
@SFDBG	v=1	node=96	src=app	lvl=D	seq=838	t=40597	msg=build_snapshot_start session_ms=7320055 sensor_count=5
@SFDBG	v=1	node=96	src=battery	lvl=D	seq=839	t=40602	msg=snapshot_fill battery_mv=3590 battery_pct=39
@SFDBG	v=1	node=96	src=app	lvl=D	seq=840	t=40607	msg=build_snapshot_done session_ms=7320055 battery_valid=1 sensor_flags=0x001B
@SFDBG	v=1	node=96	src=packet	lvl=D	seq=841	t=40613	msg=push_start session_ms=7320055 sensor_flags=0x001B has_ref=1 delta_count=12
@SFDBG	v=1	node=96	src=packet	lvl=D	seq=842	t=40620	msg=delta_dt ref_session_ms=7310052 prev_session_ms=7319275 sample_session_ms=7320055 dtMs=780 dtTicks=3
@SFDBG	v=1	node=96	src=packet	lvl=D	seq=843	t=40628	msg=bundle_delta_added count=13/14
@SFDBG	v=1	node=96	src=app	lvl=I	seq=844	t=40632	msg=telemetry_ready snapshot_built session_ms=7320055 battery_valid=1 battery_mv=3590 battery_pct=39
@SFDBG	v=1	node=96	src=packet	lvl=D	seq=845	t=40639	msg=handler_push_done status_ready=0 bundle_ready=0 push_bundle_ready=0
@SFDBG	v=1	node=96	src=duty	lvl=D	seq=846	t=40645	msg=telemetry_mark_sent
@SFDBG	v=1	node=96	src=app	lvl=D	seq=847	t=40648	msg=telemetry_marked_sent
@SFDBG	v=1	node=96	src=radio	lvl=I	seq=848	t=40676	msg=retx_health q=0/8 pending=0 unsent=0 ack_wait=0 retry_ready=0 fresh_holdoff_ms=6237 ack_seen=1
@SFDBG	v=1	node=96	src=duty	lvl=D	seq=849	t=41237	msg=sample_tick phase_elapsed_ms=22153 sensor_count=5
@SFDBG	v=1	node=96	src=sht31	lvl=D	seq=850	t=41242	msg=status ready=1 healthy=1 state=3 duty_class=AlwaysOn
@SFDBG	v=1	node=96	src=sht31	lvl=D	seq=851	t=41269	msg=sht31,temp_c=22.77,humidity_pct=44.72,valid=1,t_ms=41267
@SFDBG	v=1	node=96	src=gps	lvl=D	seq=852	t=41274	msg=status ready=0 healthy=1 state=3 duty_class=AlwaysOn
@SFDBG	v=1	node=96	src=gps	lvl=D	seq=853	t=41279	msg=sample_skipped reason=not_ready
@SFDBG	v=1	node=96	src=imu	lvl=D	seq=854	t=41283	msg=status ready=1 healthy=1 state=3 duty_class=DutyCycled
@SFDBG	v=1	node=96	src=imu	lvl=D	seq=855	t=41292	msg=imu,heading_deg=283.2,accuracy_deg=0.08,valid=1,t_ms=41290
@SFDBG	v=1	node=96	src=sps30	lvl=D	seq=856	t=41298	msg=status ready=0 healthy=1 state=3 duty_class=WarmupHeavy
@SFDBG	v=1	node=96	src=sps30	lvl=D	seq=857	t=41303	msg=sample_skipped reason=not_ready
@SFDBG	v=1	node=96	src=wind	lvl=D	seq=858	t=41307	msg=status ready=1 healthy=1 state=3 duty_class=WarmupHeavy
@SFDBG	v=1	node=96	src=wind	lvl=D	seq=859	t=41314	msg=wind,raw_rv=745,raw_tmp=677,rv_v=4.042,tmp_v=3.673,temp_c=25.39,zero_v=1.738,wind_mph=535.27,wind_mps=239.29,valid=1,t_ms=41311
@SFDBG	v=1	node=96	src=battery	lvl=I	seq=860	t=41324	msg=battery,raw=558,adc_v=1.798,v=3.596,pct=39.6,low=0,valid=1,t_ms=40953
@SFDBG	v=1	node=96	src=duty	lvl=D	seq=861	t=41330	msg=fresh_sample_ready=1
@SFDBG	v=1	node=96	src=app	lvl=D	seq=862	t=41333	msg=snapshot_session_ms=7320794
@SFDBG	v=1	node=96	src=app	lvl=D	seq=863	t=41336	msg=build_snapshot_start session_ms=7320794 sensor_count=5
@SFDBG	v=1	node=96	src=battery	lvl=D	seq=864	t=41341	msg=snapshot_fill battery_mv=3596 battery_pct=39
@SFDBG	v=1	node=96	src=app	lvl=D	seq=865	t=41346	msg=build_snapshot_done session_ms=7320794 battery_valid=1 sensor_flags=0x001B
@SFDBG	v=1	node=96	src=packet	lvl=D	seq=866	t=41352	msg=push_start session_ms=7320794 sensor_flags=0x001B has_ref=1 delta_count=13
@SFDBG	v=1	node=96	src=packet	lvl=D	seq=867	t=41359	msg=delta_dt ref_session_ms=7310052 prev_session_ms=7320055 sample_session_ms=7320794 dtMs=739 dtTicks=3
@SFDBG	v=1	node=96	src=packet	lvl=D	seq=868	t=41367	msg=bundle_delta_added count=14/14
@SFDBG	v=1	node=96	src=packet	lvl=I	seq=869	t=41371	msg=bundle_encoded len=194 node=3
@SFDBG	v=1	node=96	src=app	lvl=I	seq=870	t=41375	msg=telemetry_ready snapshot_built session_ms=7320794 battery_valid=1 battery_mv=3596 battery_pct=39
@SFDBG	v=1	node=96	src=packet	lvl=D	seq=871	t=41383	msg=handler_push_done status_ready=0 bundle_ready=1 push_bundle_ready=1
@SFDBG	v=1	node=96	src=radio	lvl=I	seq=872	t=41389	msg=enqueue count=4 pkt=BUNDLE seq=3 len=194 q=1/8 pending=0 dropped=0
@SFDBG	v=1	node=96	src=packet	lvl=I	seq=873	t=41395	msg=enqueue_ok pkt=BUNDLE seq=3 len=194 queue_depth=1
@SFDBG	v=1	node=96	src=duty	lvl=D	seq=874	t=41400	msg=telemetry_mark_sent
@SFDBG	v=1	node=96	src=app	lvl=D	seq=875	t=41402	msg=telemetry_marked_sent
@SFDBG	v=1	node=96	src=radio	lvl=D	seq=876	t=41430	msg=tx_noack pkt=BUNDLE seq=3 len=194 slot=8134
@SFDBG	v=1	node=96	src=radio	lvl=D	seq=877	t=41436	msg=pending_add seq=3 index=0 len=194 sent_ok=1 pending=1
@SFDBG	v=1	node=96	src=radio	lvl=I	seq=878	t=41442	msg=tx_sent count=4 pkt=BUNDLE seq=3 len=194 slot=8134 mode=APP_ACK_SUMMARY link_ack=OFF retries_used=0 q=0/8 pending=1 dropped=0
@SFDBG	v=1	node=96	src=duty	lvl=D	seq=879	t=42006	msg=sample_tick phase_elapsed_ms=22921 sensor_count=5
@SFDBG	v=1	node=96	src=sht31	lvl=D	seq=880	t=42011	msg=status ready=1 healthy=1 state=3 duty_class=AlwaysOn
@SFDBG	v=1	node=96	src=sht31	lvl=D	seq=881	t=42037	msg=sht31,temp_c=22.77,humidity_pct=44.71,valid=1,t_ms=42035
@SFDBG	v=1	node=96	src=gps	lvl=D	seq=882	t=42043	msg=status ready=1 healthy=1 state=3 duty_class=AlwaysOn
@SFDBG	v=1	node=96	src=gps	lvl=D	seq=883	t=42048	msg=gps,fix=0,fixq=0,sats=0,lat=0.000000,lon=0.000000,alt=0.00,t=20:27:35,valid=0,t_ms=42046
@SFDBG	v=1	node=96	src=imu	lvl=D	seq=884	t=42056	msg=status ready=1 healthy=1 state=3 duty_class=DutyCycled
@SFDBG	v=1	node=96	src=imu	lvl=D	seq=885	t=42065	msg=imu,heading_deg=281.6,accuracy_deg=0.08,valid=1,t_ms=42063
@SFDBG	v=1	node=96	src=sps30	lvl=D	seq=886	t=42071	msg=status ready=1 healthy=1 state=3 duty_class=WarmupHeavy
@SFDBG	v=1	node=96	src=sps30	lvl=D	seq=887	t=42082	msg=sps30,pm1=0.86,pm25=1.02,pm4=1.11,pm10=1.15,valid=1,t_ms=42080
@SFDBG	v=1	node=96	src=wind	lvl=D	seq=888	t=42088	msg=status ready=1 healthy=1 state=3 duty_class=WarmupHeavy
@SFDBG	v=1	node=96	src=wind	lvl=D	seq=889	t=42095	msg=wind,raw_rv=759,raw_tmp=690,rv_v=4.118,tmp_v=3.743,temp_c=24.33,zero_v=1.760,wind_mph=569.95,wind_mps=254.79,valid=1,t_ms=42092
@SFDBG	v=1	node=96	src=battery	lvl=I	seq=890	t=42105	msg=battery,raw=559,adc_v=1.801,v=3.603,pct=40.3,low=0,valid=1,t_ms=41976
@SFDBG	v=1	node=96	src=duty	lvl=D	seq=891	t=42111	msg=fresh_sample_ready=1
@SFDBG	v=1	node=96	src=app	lvl=D	seq=892	t=42114	msg=snapshot_session_ms=7321575
@SFDBG	v=1	node=96	src=app	lvl=D	seq=893	t=42117	msg=build_snapshot_start session_ms=7321575 sensor_count=5
@SFDBG	v=1	node=96	src=battery	lvl=D	seq=894	t=42122	msg=snapshot_fill battery_mv=3602 battery_pct=40
@SFDBG	v=1	node=96	src=app	lvl=D	seq=895	t=42127	msg=build_snapshot_done session_ms=7321575 battery_valid=1 sensor_flags=0x001B
@SFDBG	v=1	node=96	src=packet	lvl=D	seq=896	t=42133	msg=push_start session_ms=7321575 sensor_flags=0x001B has_ref=0 delta_count=0
@SFDBG	v=1	node=96	src=packet	lvl=D	seq=897	t=42140	msg=bundle_ref_set session_ms=7321575
@SFDBG	v=1	node=96	src=app	lvl=I	seq=898	t=42144	msg=telemetry_ready snapshot_built session_ms=7321575 battery_valid=1 battery_mv=3602 battery_pct=40
@SFDBG	v=1	node=96	src=packet	lvl=D	seq=899	t=42152	msg=handler_push_done status_ready=0 bundle_ready=0 push_bundle_ready=0
@SFDBG	v=1	node=96	src=duty	lvl=D	seq=900	t=42158	msg=telemetry_mark_sent
@SFDBG	v=1	node=96	src=app	lvl=D	seq=901	t=42160	msg=telemetry_marked_sent
@SFDBG	v=1	node=96	src=duty	lvl=D	seq=902	t=42776	msg=sample_tick phase_elapsed_ms=23691 sensor_count=5
@SFDBG	v=1	node=96	src=sht31	lvl=D	seq=903	t=42781	msg=status ready=1 healthy=1 state=3 duty_class=AlwaysOn
@SFDBG	v=1	node=96	src=sht31	lvl=D	seq=904	t=42807	msg=sht31,temp_c=22.74,humidity_pct=44.69,valid=1,t_ms=42805
@SFDBG	v=1	node=96	src=gps	lvl=D	seq=905	t=42813	msg=status ready=0 healthy=1 state=3 duty_class=AlwaysOn
@SFDBG	v=1	node=96	src=gps	lvl=D	seq=906	t=42818	msg=sample_skipped reason=not_ready
@SFDBG	v=1	node=96	src=imu	lvl=D	seq=907	t=42821	msg=status ready=1 healthy=1 state=3 duty_class=DutyCycled
@SFDBG	v=1	node=96	src=imu	lvl=D	seq=908	t=42831	msg=imu,heading_deg=279.9,accuracy_deg=0.07,valid=1,t_ms=42829
@SFDBG	v=1	node=96	src=sps30	lvl=D	seq=909	t=42836	msg=status ready=0 healthy=1 state=3 duty_class=WarmupHeavy
@SFDBG	v=1	node=96	src=sps30	lvl=D	seq=910	t=42841	msg=sample_skipped reason=not_ready
@SFDBG	v=1	node=96	src=wind	lvl=D	seq=911	t=42845	msg=status ready=1 healthy=1 state=3 duty_class=WarmupHeavy
@SFDBG	v=1	node=96	src=wind	lvl=D	seq=912	t=42852	msg=wind,raw_rv=750,raw_tmp=674,rv_v=4.069,tmp_v=3.657,temp_c=25.64,zero_v=1.733,wind_mph=556.00,wind_mps=248.55,valid=1,t_ms=42849
@SFDBG	v=1	node=96	src=battery	lvl=I	seq=913	t=42863	msg=battery,raw=559,adc_v=1.801,v=3.603,pct=40.3,low=0,valid=1,t_ms=41976
@SFDBG	v=1	node=96	src=duty	lvl=D	seq=914	t=42869	msg=fresh_sample_ready=1
@SFDBG	v=1	node=96	src=app	lvl=D	seq=915	t=42872	msg=snapshot_session_ms=7322332
@SFDBG	v=1	node=96	src=app	lvl=D	seq=916	t=42875	msg=build_snapshot_start session_ms=7322332 sensor_count=5
@SFDBG	v=1	node=96	src=battery	lvl=D	seq=917	t=42880	msg=snapshot_fill battery_mv=3602 battery_pct=40
@SFDBG	v=1	node=96	src=app	lvl=D	seq=918	t=42885	msg=build_snapshot_done session_ms=7322332 battery_valid=1 sensor_flags=0x001B
@SFDBG	v=1	node=96	src=packet	lvl=D	seq=919	t=42891	msg=push_start session_ms=7322332 sensor_flags=0x001B has_ref=1 delta_count=0
@SFDBG	v=1	node=96	src=packet	lvl=D	seq=920	t=42898	msg=delta_dt ref_session_ms=7321575 prev_session_ms=7321575 sample_session_ms=7322332 dtMs=757 dtTicks=3
@SFDBG	v=1	node=96	src=packet	lvl=D	seq=921	t=42906	msg=bundle_delta_added count=1/14
@SFDBG	v=1	node=96	src=app	lvl=I	seq=922	t=42910	msg=telemetry_ready snapshot_built session_ms=7322332 battery_valid=1 battery_mv=3602 battery_pct=40
@SFDBG	v=1	node=96	src=packet	lvl=D	seq=923	t=42917	msg=handler_push_done status_ready=0 bundle_ready=0 push_bundle_ready=0
@SFDBG	v=1	node=96	src=duty	lvl=D	seq=924	t=42923	msg=telemetry_mark_sent
@SFDBG	v=1	node=96	src=app	lvl=D	seq=925	t=42926	msg=telemetry_marked_sent
@SFDBG	v=1	node=96	src=radio	lvl=D	seq=926	t=42954	msg=rx_wake slot=0
