Archive member included to satisfy reference by file (symbol)

.pio/build/feather_m0_lora_node_debug/libca8/libWire.a(Wire.cpp.o)
                              .pio/build/feather_m0_lora_node_debug/src/main.cpp.o (TwoWire::begin())
.pio/build/feather_m0_lora_node_debug/lib914/libAdafruit SHT31 Library.a(Adafruit_SHT31.cpp.o)
                              .pio/build/feather_m0_lora_node_debug/src/main.cpp.o (Adafruit_SHT31::Adafruit_SHT31(TwoWire*))
.pio/build/feather_m0_lora_node_debug/libb3b/libSparkFun 9DoF IMU Breakout - ICM 20948 - Arduino Library.a(ICM_20948.cpp.o)
                              .pio/build/feather_m0_lora_node_debug/src/platform/SparkfunIcm20948Driver.cpp.o (ICM_20948::getAGMT())
.pio/build/feather_m0_lora_node_debug/libb3b/libSparkFun 9DoF IMU Breakout - ICM 20948 - Arduino Library.a(ICM_20948_C.c.o)
                              .pio/build/feather_m0_lora_node_debug/libb3b/libSparkFun 9DoF IMU Breakout - ICM 20948 - Arduino Library.a(ICM_20948.cpp.o) (ICM_20948_init_struct)
.pio/build/feather_m0_lora_node_debug/libcb6/libAdafruit GPS Library.a(Adafruit_GPS.cpp.o)
                              .pio/build/feather_m0_lora_node_debug/src/main.cpp.o (Adafruit_GPS::~Adafruit_GPS())
.pio/build/feather_m0_lora_node_debug/libcb6/libAdafruit GPS Library.a(NMEA_data.cpp.o)
                              .pio/build/feather_m0_lora_node_debug/libcb6/libAdafruit GPS Library.a(Adafruit_GPS.cpp.o) (Adafruit_GPS::data_init())
.pio/build/feather_m0_lora_node_debug/libcb6/libAdafruit GPS Library.a(NMEA_parse.cpp.o)
                              .pio/build/feather_m0_lora_node_debug/src/platform/AdafruitGpsDriver.cpp.o (Adafruit_GPS::parse(char*))
.pio/build/feather_m0_lora_node_debug/libc5f/libRadioHead.a(RHDatagram.cpp.o)
                              .pio/build/feather_m0_lora_node_debug/src/platform/RadioHeadTdmaDriver.cpp.o (RHDatagram::available())
.pio/build/feather_m0_lora_node_debug/libc5f/libRadioHead.a(RHGenericDriver.cpp.o)
                              .pio/build/feather_m0_lora_node_debug/src/platform/RadioHeadTdmaDriver.cpp.o (RHGenericDriver::lastRssi())
.pio/build/feather_m0_lora_node_debug/libc5f/libRadioHead.a(RHHardwareSPI.cpp.o)
                              .pio/build/feather_m0_lora_node_debug/src/platform/RadioHeadTdmaDriver.cpp.o (hardware_spi)
.pio/build/feather_m0_lora_node_debug/libc5f/libRadioHead.a(RHReliableDatagram.cpp.o)
                              .pio/build/feather_m0_lora_node_debug/src/platform/RadioHeadTdmaDriver.cpp.o (RHReliableDatagram::RHReliableDatagram(RHGenericDriver&, unsigned char))
.pio/build/feather_m0_lora_node_debug/libc5f/libRadioHead.a(RH_RF95.cpp.o)
                              .pio/build/feather_m0_lora_node_debug/src/platform/RadioHeadTdmaDriver.cpp.o (RH_RF95::RH_RF95(unsigned char, unsigned char, RHGenericSPI&))
.pio/build/feather_m0_lora_node_debug/libc5f/libRadioHead.a(RHGenericSPI.cpp.o)
                              .pio/build/feather_m0_lora_node_debug/libc5f/libRadioHead.a(RHHardwareSPI.cpp.o) (RHGenericSPI::setBitOrder(RHGenericSPI::BitOrder))
.pio/build/feather_m0_lora_node_debug/libc5f/libRadioHead.a(RHSPIDriver.cpp.o)
                              .pio/build/feather_m0_lora_node_debug/libc5f/libRadioHead.a(RH_RF95.cpp.o) (RHSPIDriver::init())
.pio/build/feather_m0_lora_node_debug/libcee/libSparkFun Toolkit.a(sfToolkit.cpp.o)
                              .pio/build/feather_m0_lora_node_debug/src/platform/SparkfunBmv080Driver.cpp.o (sftk_system_byteorder())
.pio/build/feather_m0_lora_node_debug/libcee/libSparkFun Toolkit.a(sfTkArdI2C.cpp.o)
                              .pio/build/feather_m0_lora_node_debug/src/platform/SparkfunBmv080Driver.cpp.o (sfTkArdI2C::ping())
.pio/build/feather_m0_lora_node_debug/libfa3/libSparkFun BMV080 Arduino Library.a(sfDevBMV080.cpp.o)
                              .pio/build/feather_m0_lora_node_debug/src/platform/SparkfunBmv080Driver.cpp.o (sfDevBMV080::begin(sfTkIBus*))
.pio/build/feather_m0_lora_node_debug/libFrameworkArduinoVariant.a(variant.cpp.o)
                              .pio/build/feather_m0_lora_node_debug/src/main.cpp.o (Serial1)
.pio/build/feather_m0_lora_node_debug/libFrameworkArduino.a(Print.cpp.o)
                              .pio/build/feather_m0_lora_node_debug/libcb6/libAdafruit GPS Library.a(Adafruit_GPS.cpp.o) (Print::write(unsigned char const*, unsigned int))
.pio/build/feather_m0_lora_node_debug/libFrameworkArduino.a(SERCOM.cpp.o)
                              .pio/build/feather_m0_lora_node_debug/libFrameworkArduinoVariant.a(variant.cpp.o) (SERCOM::SERCOM(Sercom*))
.pio/build/feather_m0_lora_node_debug/libFrameworkArduino.a(CDC.cpp.o)
                              .pio/build/feather_m0_lora_node_debug/src/main.cpp.o (Serial_::begin(unsigned long))
.pio/build/feather_m0_lora_node_debug/libFrameworkArduino.a(USBCore.cpp.o)
                              .pio/build/feather_m0_lora_node_debug/libFrameworkArduino.a(CDC.cpp.o) (USBDeviceClass::available(unsigned long))
[...]
Memory Configuration

Name             Origin             Length             Attributes
FLASH            0x0000000000002000 0x000000000003e000 xr
RAM              0x0000000020000000 0x0000000000008000 xrw
*default*        0x0000000000000000 0xffffffffffffffff

Linker script and memory map

LOAD /home/kyle/.platformio/packages/toolchain-gccarmnoneeabi/bin/../lib/gcc/arm-none-eabi/9.3.1/thumb/v6-m/nofp/crti.o
LOAD /home/kyle/.platformio/packages/toolchain-gccarmnoneeabi/bin/../lib/gcc/arm-none-eabi/9.3.1/thumb/v6-m/nofp/crtbegin.o
LOAD /home/kyle/.platformio/packages/toolchain-gccarmnoneeabi/bin/../lib/gcc/arm-none-eabi/9.3.1/../../../../arm-none-eabi/lib/thumb/v6-m/nofp/crt0.o
LOAD .pio/build/feather_m0_lora_node_debug/src/app/SmartFiresBaseApp.cpp.o
LOAD .pio/build/feather_m0_lora_node_debug/src/app/SmartFiresNodeApp.cpp.o
LOAD .pio/build/feather_m0_lora_node_debug/src/main.cpp.o
LOAD .pio/build/feather_m0_lora_node_debug/src/platform/AdafruitGpsDriver.cpp.o
LOAD .pio/build/feather_m0_lora_node_debug/src/platform/AdafruitSht31Driver.cpp.o
LOAD .pio/build/feather_m0_lora_node_debug/src/platform/ArduinoAnalogReader.cpp.o
LOAD .pio/build/feather_m0_lora_node_debug/src/platform/ArduinoClock.cpp.o
LOAD .pio/build/feather_m0_lora_node_debug/src/platform/BoardIdentify.cpp.o
LOAD .pio/build/feather_m0_lora_node_debug/src/platform/RadioHeadTdmaDriver.cpp.o
LOAD .pio/build/feather_m0_lora_node_debug/src/platform/SparkfunBmv080Driver.cpp.o
LOAD .pio/build/feather_m0_lora_node_debug/src/platform/SparkfunIcm20948Driver.cpp.o
LOAD .pio/build/feather_m0_lora_node_debug/src/platform/TPSDriver.cpp.o
LOAD .pio/build/feather_m0_lora_node_debug/src/power/BatteryMonitor.cpp.o
LOAD .pio/build/feather_m0_lora_node_debug/src/power/DutyCycleController.cpp.o
LOAD .pio/build/feather_m0_lora_node_debug/src/radio/PacketHandler.cpp.o
LOAD .pio/build/feather_m0_lora_node_debug/src/radio/RadioService.cpp.o
LOAD .pio/build/feather_m0_lora_node_debug/src/radio/TdmaClock.cpp.o
LOAD .pio/build/feather_m0_lora_node_debug/src/radio/TdmaRadioService.cpp.o
LOAD .pio/build/feather_m0_lora_node_debug/src/radio/TdmaTxQueue.cpp.o
LOAD .pio/build/feather_m0_lora_node_debug/src/sensors/Bmv080Sensor.cpp.o
LOAD .pio/build/feather_m0_lora_node_debug/src/sensors/Icm20948Sensor.cpp.o
LOAD .pio/build/feather_m0_lora_node_debug/src/sensors/Pa1010dGpsSensor.cpp.o
LOAD .pio/build/feather_m0_lora_node_debug/src/sensors/Sht31Sensor.cpp.o
LOAD .pio/build/feather_m0_lora_node_debug/src/sensors/Sps30Sensor.cpp.o
LOAD .pio/build/feather_m0_lora_node_debug/src/sensors/WindSensorRevC.cpp.o
LOAD .pio/build/feather_m0_lora_node_debug/src/telemetry/TelemetryBuilder.cpp.o
START GROUP
LOAD .pio/libdeps/feather_m0_lora_node_debug/SparkFun BMV080 Arduino Library/src/cortex-m0plus/lib_bmv080.a
LOAD .pio/libdeps/feather_m0_lora_node_debug/SparkFun BMV080 Arduino Library/src/cortex-m0plus/lib_postProcessor.a
LOAD .pio/build/feather_m0_lora_node_debug/lib469/libAdafruit_ZeroDMA.a
LOAD .pio/build/feather_m0_lora_node_debug/lib972/libSPI.a
LOAD .pio/build/feather_m0_lora_node_debug/libca8/libWire.a
LOAD .pio/build/feather_m0_lora_node_debug/libb88/libAdafruit BusIO.a
LOAD .pio/build/feather_m0_lora_node_debug/lib914/libAdafruit SHT31 Library.a
LOAD .pio/build/feather_m0_lora_node_debug/liba64/libAdafruit Unified Sensor.a
LOAD .pio/build/feather_m0_lora_node_debug/libb3b/libSparkFun 9DoF IMU Breakout - ICM 20948 - Arduino Library.a
LOAD .pio/build/feather_m0_lora_node_debug/libcb6/libAdafruit GPS Library.a
LOAD .pio/build/feather_m0_lora_node_debug/libc5f/libRadioHead.a
LOAD .pio/build/feather_m0_lora_node_debug/libcee/libSparkFun Toolkit.a
LOAD .pio/build/feather_m0_lora_node_debug/libfa3/libSparkFun BMV080 Arduino Library.a
LOAD .pio/build/feather_m0_lora_node_debug/libFrameworkArduinoVariant.a
LOAD .pio/build/feather_m0_lora_node_debug/libFrameworkArduino.a
LOAD /home/kyle/.platformio/packages/framework-cmsis/CMSIS/Lib/GCC/libarm_cortexM0l_math.a
END GROUP
LOAD /home/kyle/.platformio/packages/toolchain-gccarmnoneeabi/bin/../lib/gcc/arm-none-eabi/9.3.1/../../../../arm-none-eabi/lib/thumb/v6-m/nofp/libstdc++_nano.a
LOAD /home/kyle/.platformio/packages/toolchain-gccarmnoneeabi/bin/../lib/gcc/arm-none-eabi/9.3.1/../../../../arm-none-eabi/lib/thumb/v6-m/nofp/libm.a
START GROUP
LOAD /home/kyle/.platformio/packages/toolchain-gccarmnoneeabi/bin/../lib/gcc/arm-none-eabi/9.3.1/thumb/v6-m/nofp/libgcc.a
LOAD /home/kyle/.platformio/packages/toolchain-gccarmnoneeabi/bin/../lib/gcc/arm-none-eabi/9.3.1/../../../../arm-none-eabi/lib/thumb/v6-m/nofp/libc_nano.a
END GROUP
START GROUP
LOAD /home/kyle/.platformio/packages/toolchain-gccarmnoneeabi/bin/../lib/gcc/arm-none-eabi/9.3.1/thumb/v6-m/nofp/libgcc.a
LOAD /home/kyle/.platformio/packages/toolchain-gccarmnoneeabi/bin/../lib/gcc/arm-none-eabi/9.3.1/../../../../arm-none-eabi/lib/thumb/v6-m/nofp/libc_nano.a
LOAD /home/kyle/.platformio/packages/toolchain-gccarmnoneeabi/bin/../lib/gcc/arm-none-eabi/9.3.1/../../../../arm-none-eabi/lib/thumb/v6-m/nofp/libnosys.a
END GROUP
START GROUP
LOAD /home/kyle/.platformio/packages/toolchain-gccarmnoneeabi/bin/../lib/gcc/arm-none-eabi/9.3.1/thumb/v6-m/nofp/libgcc.a
LOAD /home/kyle/.platformio/packages/toolchain-gccarmnoneeabi/bin/../lib/gcc/arm-none-eabi/9.3.1/../../../../arm-none-eabi/lib/thumb/v6-m/nofp/libc_nano.a
LOAD /home/kyle/.platformio/packages/toolchain-gccarmnoneeabi/bin/../lib/gcc/arm-none-eabi/9.3.1/../../../../arm-none-eabi/lib/thumb/v6-m/nofp/libnosys.a
END GROUP
LOAD /home/kyle/.platformio/packages/toolchain-gccarmnoneeabi/bin/../lib/gcc/arm-none-eabi/9.3.1/thumb/v6-m/nofp/crtend.o
LOAD /home/kyle/.platformio/packages/toolchain-gccarmnoneeabi/bin/../lib/gcc/arm-none-eabi/9.3.1/thumb/v6-m/nofp/crtn.o

.text           0x0000000000002000    0x276f8
                0x0000000000002000                __text_start__ = .
 *(.sketch_boot)
                0x0000000000002000                . = ALIGN (0x2000)
 *(.isr_vector)
 .isr_vector    0x0000000000002000       0xb4 .pio/build/feather_m0_lora_node_debug/libFrameworkArduino.a(cortex_handlers.c.o)
                0x0000000000002000                exception_table
 *(.text*)
 .text.__do_global_dtors_aux
                0x00000000000020b4       0x28 /home/kyle/.platformio/packages/toolchain-gccarmnoneeabi/bin/../lib/gcc/arm-none-eabi/9.3.1/thumb/v6-m/nofp/crtbegin.o
 .text.frame_dummy
                0x00000000000020dc       0x20 /home/kyle/.platformio/packages/toolchain-gccarmnoneeabi/bin/../lib/gcc/arm-none-eabi/9.3.1/thumb/v6-m/nofp/crtbegin.o
 .text._ZN11DebugLogger12printEscapedEPKcj.part.0
                0x00000000000020fc       0x54 .pio/build/feather_m0_lora_node_debug/src/app/SmartFiresNodeApp.cpp.o
 .text._ZN11DebugLogger4logfE8LogLevelPKcS2_z
                0x0000000000002150      0x12c .pio/build/feather_m0_lora_node_debug/src/app/SmartFiresNodeApp.cpp.o
                0x0000000000002150                DebugLogger::logf(LogLevel, char const*, char const*, ...)
 .text._ZN17SmartFiresNodeAppC2ERKNS_6ConfigER6IClockR19DutyCycleControllerR13PacketHandlerR16TdmaRadioServiceR9TdmaClockPP7ISensorjP14BatteryMonitor
                0x000000000000227c       0x34 .pio/build/feather_m0_lora_node_debug/src/app/SmartFiresNodeApp.cpp.o
                0x000000000000227c                SmartFiresNodeApp::SmartFiresNodeApp(SmartFiresNodeApp::Config const&, IClock&, DutyCycleController&, PacketHandler&, TdmaRadioService&, TdmaClock&, ISensor**, unsigned int, BatteryMonitor*)
                0x000000000000227c                SmartFiresNodeApp::SmartFiresNodeApp(SmartFiresNodeApp::Config const&, IClock&, DutyCycleController&, PacketHandler&, TdmaRadioService&, TdmaClock&, ISensor**, unsigned int, BatteryMonitor*)
 .text._ZN19ArduinoAnalogReaderD2Ev
                0x00000000000022b0        0x2 .pio/build/feather_m0_lora_node_debug/src/main.cpp.o
                0x00000000000022b0                ArduinoAnalogReader::~ArduinoAnalogReader()
                0x00000000000022b0                ArduinoAnalogReader::~ArduinoAnalogReader()
 .text._ZN9TPSDriverD2Ev
                0x00000000000022b2        0x2 .pio/build/feather_m0_lora_node_debug/src/main.cpp.o
                0x00000000000022b2                TPSDriver::~TPSDriver()
                0x00000000000022b2                TPSDriver::~TPSDriver()
 .text._ZN14WindSensorRevCD2Ev
                0x00000000000022b4        0x2 .pio/build/feather_m0_lora_node_debug/src/main.cpp.o
                0x00000000000022b4                WindSensorRevC::~WindSensorRevC()
                0x00000000000022b4                WindSensorRevC::~WindSensorRevC()
 .text._ZN11Sht31SensorD2Ev
                0x00000000000022b6        0x6 .pio/build/feather_m0_lora_node_debug/src/main.cpp.o
                0x00000000000022b6                Sht31Sensor::~Sht31Sensor()
                0x00000000000022b6                Sht31Sensor::~Sht31Sensor()
                0x00000000000022b8                non-virtual thunk to Sht31Sensor::~Sht31Sensor()
 .text._ZN16Pa1010dGpsSensorD2Ev
                0x00000000000022bc        0x2 .pio/build/feather_m0_lora_node_debug/src/main.cpp.o
                0x00000000000022bc                Pa1010dGpsSensor::~Pa1010dGpsSensor()
                0x00000000000022bc                Pa1010dGpsSensor::~Pa1010dGpsSensor()
 .text._ZN22SparkfunIcm20948DriverD2Ev
                0x00000000000022be        0x2 .pio/build/feather_m0_lora_node_debug/src/main.cpp.o
                0x00000000000022be                SparkfunIcm20948Driver::~SparkfunIcm20948Driver()
                0x00000000000022be                SparkfunIcm20948Driver::~SparkfunIcm20948Driver()
 .text._ZN14Icm20948SensorD2Ev
                0x00000000000022c0        0x2 .pio/build/feather_m0_lora_node_debug/src/main.cpp.o
                0x00000000000022c0                Icm20948Sensor::~Icm20948Sensor()
                0x00000000000022c0                Icm20948Sensor::~Icm20948Sensor()
 .text._ZN20SparkfunBmv080DriverD2Ev
                0x00000000000022c2        0x2 .pio/build/feather_m0_lora_node_debug/src/main.cpp.o
                0x00000000000022c2                SparkfunBmv080Driver::~SparkfunBmv080Driver()
                0x00000000000022c2                SparkfunBmv080Driver::~SparkfunBmv080Driver()
 .text._ZN12Bmv080SensorD2Ev
                0x00000000000022c4        0x2 .pio/build/feather_m0_lora_node_debug/src/main.cpp.o
                0x00000000000022c4                Bmv080Sensor::~Bmv080Sensor()
                0x00000000000022c4                Bmv080Sensor::~Bmv080Sensor()
 .text._ZN19RadioHeadTdmaDriverD2Ev
                0x00000000000022c6        0x2 .pio/build/feather_m0_lora_node_debug/src/main.cpp.o
                0x00000000000022c6                RadioHeadTdmaDriver::~RadioHeadTdmaDriver()
                0x00000000000022c6                RadioHeadTdmaDriver::~RadioHeadTdmaDriver()
 .text._ZN12ArduinoClockD2Ev
                0x00000000000022c8        0x2 .pio/build/feather_m0_lora_node_debug/src/main.cpp.o
                0x00000000000022c8                ArduinoClock::~ArduinoClock()
                0x00000000000022c8                ArduinoClock::~ArduinoClock()
 *fill*         0x00000000000022ca        0x2 
 .text._ZN19AdafruitSht31DriverD2Ev
                0x00000000000022cc       0x14 .pio/build/feather_m0_lora_node_debug/src/main.cpp.o
                0x00000000000022cc                AdafruitSht31Driver::~AdafruitSht31Driver()
                0x00000000000022cc                AdafruitSht31Driver::~AdafruitSht31Driver()
 .text._Z7scanI2Cv
                0x00000000000022e0       0x78 .pio/build/feather_m0_lora_node_debug/src/main.cpp.o
                0x00000000000022e0                scanI2C()
 .text._Z16testBeginSensorsv
                0x0000000000002358      0x118 .pio/build/feather_m0_lora_node_debug/src/main.cpp.o
                0x0000000000002358                testBeginSensors()
 .text._Z18testServiceSensorsv
                0x0000000000002470       0x28 .pio/build/feather_m0_lora_node_debug/src/main.cpp.o
                0x0000000000002470                testServiceSensors()
 .text._Z17testSampleSensorsv
                0x0000000000002498       0xe8 .pio/build/feather_m0_lora_node_debug/src/main.cpp.o
                0x0000000000002498                testSampleSensors()
 .text.loop     0x0000000000002580       0x3c .pio/build/feather_m0_lora_node_debug/src/main.cpp.o
                0x0000000000002580                loop
 .text._ZN19ArduinoAnalogReaderD0Ev
                0x00000000000025bc        0xc .pio/build/feather_m0_lora_node_debug/src/main.cpp.o
                0x00000000000025bc                ArduinoAnalogReader::~ArduinoAnalogReader()
 .text._ZN9TPSDriverD0Ev
                0x00000000000025c8        0xc .pio/build/feather_m0_lora_node_debug/src/main.cpp.o
                0x00000000000025c8                TPSDriver::~TPSDriver()
 .text._ZN14WindSensorRevCD0Ev
                0x00000000000025d4        0xc .pio/build/feather_m0_lora_node_debug/src/main.cpp.o
                0x00000000000025d4                WindSensorRevC::~WindSensorRevC()
 .text._ZN19AdafruitSht31DriverD0Ev
                0x00000000000025e0       0x12 .pio/build/feather_m0_lora_node_debug/src/main.cpp.o
                0x00000000000025e0                AdafruitSht31Driver::~AdafruitSht31Driver()
 *fill*         0x00000000000025f2        0x2 
 .text._ZN11Sht31SensorD0Ev
                0x00000000000025f4       0x1c .pio/build/feather_m0_lora_node_debug/src/main.cpp.o
                0x00000000000025f4                Sht31Sensor::~Sht31Sensor()
                0x0000000000002600                non-virtual thunk to Sht31Sensor::~Sht31Sensor()
 .text._ZN16Pa1010dGpsSensorD0Ev
                0x0000000000002610        0xc .pio/build/feather_m0_lora_node_debug/src/main.cpp.o
                0x0000000000002610                Pa1010dGpsSensor::~Pa1010dGpsSensor()
 .text._ZN22SparkfunIcm20948DriverD0Ev
                0x000000000000261c        0xc .pio/build/feather_m0_lora_node_debug/src/main.cpp.o
                0x000000000000261c                SparkfunIcm20948Driver::~SparkfunIcm20948Driver()
 .text._ZN14Icm20948SensorD0Ev
                0x0000000000002628        0xc .pio/build/feather_m0_lora_node_debug/src/main.cpp.o
                0x0000000000002628                Icm20948Sensor::~Icm20948Sensor()
 .text._ZN20SparkfunBmv080DriverD0Ev
                0x0000000000002634        0xc .pio/build/feather_m0_lora_node_debug/src/main.cpp.o
                0x0000000000002634                SparkfunBmv080Driver::~SparkfunBmv080Driver()
 .text._ZN12Bmv080SensorD0Ev
                0x0000000000002640        0xc .pio/build/feather_m0_lora_node_debug/src/main.cpp.o
                0x0000000000002640                Bmv080Sensor::~Bmv080Sensor()
 .text._ZN19RadioHeadTdmaDriverD0Ev
                0x000000000000264c        0xc .pio/build/feather_m0_lora_node_debug/src/main.cpp.o
                0x000000000000264c                RadioHeadTdmaDriver::~RadioHeadTdmaDriver()
 .text._ZN12ArduinoClockD0Ev
                0x0000000000002658        0xc .pio/build/feather_m0_lora_node_debug/src/main.cpp.o
                0x0000000000002658                ArduinoClock::~ArduinoClock()
 .text.startup._GLOBAL__sub_I_clock
                0x0000000000002664      0x42c .pio/build/feather_m0_lora_node_debug/src/main.cpp.o
 .text.setup    0x0000000000002a90       0x7c .pio/build/feather_m0_lora_node_debug/src/main.cpp.o
                0x0000000000002a90                setup
 .text._ZN17AdafruitGpsDriverD2Ev
                0x0000000000002b0c       0x14 .pio/build/feather_m0_lora_node_debug/src/main.cpp.o
                0x0000000000002b0c                AdafruitGpsDriver::~AdafruitGpsDriver()
                0x0000000000002b0c                AdafruitGpsDriver::~AdafruitGpsDriver()
 .text._ZN17AdafruitGpsDriverD0Ev
                0x0000000000002b20       0x12 .pio/build/feather_m0_lora_node_debug/src/main.cpp.o
                0x0000000000002b20                AdafruitGpsDriver::~AdafruitGpsDriver()
 .text._ZN17AdafruitGpsDriver5resetEv
                0x0000000000002b32        0x4 .pio/build/feather_m0_lora_node_debug/src/platform/AdafruitGpsDriver.cpp.o
                0x0000000000002b32                AdafruitGpsDriver::reset()
 *fill*         0x0000000000002b36        0x2 
 .text._ZN17AdafruitGpsDriver5beginEh
                0x0000000000002b38       0x60 .pio/build/feather_m0_lora_node_debug/src/platform/AdafruitGpsDriver.cpp.o
                0x0000000000002b38                AdafruitGpsDriver::begin(unsigned char)
 .text._ZN17AdafruitGpsDriver12enterStandbyEv
                0x0000000000002b98       0x20 .pio/build/feather_m0_lora_node_debug/src/platform/AdafruitGpsDriver.cpp.o
                0x0000000000002b98                AdafruitGpsDriver::enterStandby()
 .text._ZN17AdafruitGpsDriver11enterBackupEv
                0x0000000000002bb8       0x20 .pio/build/feather_m0_lora_node_debug/src/platform/AdafruitGpsDriver.cpp.o
                0x0000000000002bb8                AdafruitGpsDriver::enterBackup()
 .text._ZN17AdafruitGpsDriver14enterFullPowerEv
                0x0000000000002bd8       0x20 .pio/build/feather_m0_lora_node_debug/src/platform/AdafruitGpsDriver.cpp.o
                0x0000000000002bd8                AdafruitGpsDriver::enterFullPower()
 .text._ZN17AdafruitGpsDriver4readERN10IGpsDriver4DataE
                0x0000000000002bf8       0x64 .pio/build/feather_m0_lora_node_debug/src/platform/AdafruitGpsDriver.cpp.o
                0x0000000000002bf8                AdafruitGpsDriver::read(IGpsDriver::Data&)
 .text._ZN17AdafruitGpsDriver4pollEv
                0x0000000000002c5c       0x44 .pio/build/feather_m0_lora_node_debug/src/platform/AdafruitGpsDriver.cpp.o
                0x0000000000002c5c                AdafruitGpsDriver::poll()
 .text._ZN17AdafruitGpsDriver14wakeFromBackupEv
                0x0000000000002ca0       0x3c .pio/build/feather_m0_lora_node_debug/src/platform/AdafruitGpsDriver.cpp.o
                0x0000000000002ca0                AdafruitGpsDriver::wakeFromBackup()
 .text._ZN17AdafruitGpsDriverC2ER7TwoWireh
                0x0000000000002cdc       0x2c .pio/build/feather_m0_lora_node_debug/src/platform/AdafruitGpsDriver.cpp.o
                0x0000000000002cdc                AdafruitGpsDriver::AdafruitGpsDriver(TwoWire&, unsigned char)
                0x0000000000002cdc                AdafruitGpsDriver::AdafruitGpsDriver(TwoWire&, unsigned char)
 .text._ZN17AdafruitGpsDriver15sendPmtkPayloadEPKc
                0x0000000000002d08       0x48 .pio/build/feather_m0_lora_node_debug/src/platform/AdafruitGpsDriver.cpp.o
                0x0000000000002d08                AdafruitGpsDriver::sendPmtkPayload(char const*)
 .text._ZN17AdafruitGpsDriver13enterPeriodicEhRK17GpsPeriodicConfig
                0x0000000000002d50       0x40 .pio/build/feather_m0_lora_node_debug/src/platform/AdafruitGpsDriver.cpp.o
                0x0000000000002d50                AdafruitGpsDriver::enterPeriodic(unsigned char, GpsPeriodicConfig const&)
 .text._ZN17AdafruitGpsDriver20enterPeriodicStandbyERK17GpsPeriodicConfig
                0x0000000000002d90        0xc .pio/build/feather_m0_lora_node_debug/src/platform/AdafruitGpsDriver.cpp.o
                0x0000000000002d90                AdafruitGpsDriver::enterPeriodicStandby(GpsPeriodicConfig const&)
 .text._ZN17AdafruitGpsDriver19enterPeriodicBackupERK17GpsPeriodicConfig
                0x0000000000002d9c        0xc .pio/build/feather_m0_lora_node_debug/src/platform/AdafruitGpsDriver.cpp.o
                0x0000000000002d9c                AdafruitGpsDriver::enterPeriodicBackup(GpsPeriodicConfig const&)
 .text._ZN19AdafruitSht31Driver5beginEh
                0x0000000000002da8        0xa .pio/build/feather_m0_lora_node_debug/src/platform/AdafruitSht31Driver.cpp.o
                0x0000000000002da8                AdafruitSht31Driver::begin(unsigned char)
 .text._ZN19AdafruitSht31Driver16readTemperatureCEv
                0x0000000000002db2        0xa .pio/build/feather_m0_lora_node_debug/src/platform/AdafruitSht31Driver.cpp.o
                0x0000000000002db2                AdafruitSht31Driver::readTemperatureC()
 .text._ZN19AdafruitSht31Driver15readHumidityPctEv
                0x0000000000002dbc        0xa .pio/build/feather_m0_lora_node_debug/src/platform/AdafruitSht31Driver.cpp.o
                0x0000000000002dbc                AdafruitSht31Driver::readHumidityPct()
 .text._ZN19ArduinoAnalogReader4readEh
                0x0000000000002dc6        0xa .pio/build/feather_m0_lora_node_debug/src/platform/ArduinoAnalogReader.cpp.o
                0x0000000000002dc6                ArduinoAnalogReader::read(unsigned char)
 .text._ZN19ArduinoAnalogReaderC2Eh
                0x0000000000002dd0       0x18 .pio/build/feather_m0_lora_node_debug/src/platform/ArduinoAnalogReader.cpp.o
                0x0000000000002dd0                ArduinoAnalogReader::ArduinoAnalogReader(unsigned char)
                0x0000000000002dd0                ArduinoAnalogReader::ArduinoAnalogReader(unsigned char)
 .text._ZNK12ArduinoClock6millisEv
                0x0000000000002de8        0x8 .pio/build/feather_m0_lora_node_debug/src/platform/ArduinoClock.cpp.o
                0x0000000000002de8                ArduinoClock::millis() const
 .text._ZN13BoardIdentity4readEv
                0x0000000000002df0       0x38 .pio/build/feather_m0_lora_node_debug/src/platform/BoardIdentify.cpp.o
                0x0000000000002df0                BoardIdentity::read()
 .text._ZN13BoardIdentity6hash32Ev
                0x0000000000002e28       0x50 .pio/build/feather_m0_lora_node_debug/src/platform/BoardIdentify.cpp.o
                0x0000000000002e28                BoardIdentity::hash32()
 .text._ZNK19RadioHeadTdmaDriver7healthyEv
                0x0000000000002e78        0x8 .pio/build/feather_m0_lora_node_debug/src/platform/RadioHeadTdmaDriver.cpp.o
                0x0000000000002e78                RadioHeadTdmaDriver::healthy() const
 .text._ZN19RadioHeadTdmaDriver10sendToWaitEPKhhh
                0x0000000000002e80       0x24 .pio/build/feather_m0_lora_node_debug/src/platform/RadioHeadTdmaDriver.cpp.o
                0x0000000000002e80                RadioHeadTdmaDriver::sendToWait(unsigned char const*, unsigned char, unsigned char)
 .text._ZN19RadioHeadTdmaDriver15setLocalAddressEh
                0x0000000000002ea4       0x1a .pio/build/feather_m0_lora_node_debug/src/platform/RadioHeadTdmaDriver.cpp.o
                0x0000000000002ea4                RadioHeadTdmaDriver::setLocalAddress(unsigned char)
 *fill*         0x0000000000002ebe        0x2 
 .text._ZN19RadioHeadTdmaDriver4sendEPKhhh
                0x0000000000002ec0       0x54 .pio/build/feather_m0_lora_node_debug/src/platform/RadioHeadTdmaDriver.cpp.o
                0x0000000000002ec0                RadioHeadTdmaDriver::send(unsigned char const*, unsigned char, unsigned char)
 .text._ZN19RadioHeadTdmaDriver9availableEv
                0x0000000000002f14       0x1a .pio/build/feather_m0_lora_node_debug/src/platform/RadioHeadTdmaDriver.cpp.o
                0x0000000000002f14                RadioHeadTdmaDriver::available()
 .text._ZN19RadioHeadTdmaDriver7receiveERN16ITdmaRadioDriver14ReceivedPacketE
                0x0000000000002f2e       0x58 .pio/build/feather_m0_lora_node_debug/src/platform/RadioHeadTdmaDriver.cpp.o
                0x0000000000002f2e                RadioHeadTdmaDriver::receive(ITdmaRadioDriver::ReceivedPacket&)
 *fill*         0x0000000000002f86        0x2 
 .text._ZN19RadioHeadTdmaDriverC2ERKNS_6ConfigE
                0x0000000000002f88       0x4c .pio/build/feather_m0_lora_node_debug/src/platform/RadioHeadTdmaDriver.cpp.o
                0x0000000000002f88                RadioHeadTdmaDriver::RadioHeadTdmaDriver(RadioHeadTdmaDriver::Config const&)
                0x0000000000002f88                RadioHeadTdmaDriver::RadioHeadTdmaDriver(RadioHeadTdmaDriver::Config const&)
 .text._ZN19RadioHeadTdmaDriver10resetRadioEv
                0x0000000000002fd4       0x38 .pio/build/feather_m0_lora_node_debug/src/platform/RadioHeadTdmaDriver.cpp.o
                0x0000000000002fd4                RadioHeadTdmaDriver::resetRadio()
 .text._ZN19RadioHeadTdmaDriver5beginEv
                0x000000000000300c       0x5a .pio/build/feather_m0_lora_node_debug/src/platform/RadioHeadTdmaDriver.cpp.o
                0x000000000000300c                RadioHeadTdmaDriver::begin()
 .text._ZN8sfTkIBus9writeDataEh
                0x0000000000003066       0x1a .pio/build/feather_m0_lora_node_debug/src/platform/SparkfunBmv080Driver.cpp.o
                0x0000000000003066                sfTkIBus::writeData(unsigned char)
 .text._ZN8sfTkIBus9writeDataEPKhj
                0x0000000000003080       0x12 .pio/build/feather_m0_lora_node_debug/src/platform/SparkfunBmv080Driver.cpp.o
                0x0000000000003080                sfTkIBus::writeData(unsigned char const*, unsigned int)
 .text._ZN8sfTkIBus13writeRegisterEhPKhj
                0x0000000000003092       0x1a .pio/build/feather_m0_lora_node_debug/src/platform/SparkfunBmv080Driver.cpp.o
                0x0000000000003092                sfTkIBus::writeRegister(unsigned char, unsigned char const*, unsigned int)
 .text._ZN8sfTkIBus13writeRegisterEth
                0x00000000000030ac       0x14 .pio/build/feather_m0_lora_node_debug/src/platform/SparkfunBmv080Driver.cpp.o
                0x00000000000030ac                sfTkIBus::writeRegister(unsigned short, unsigned char)
 .text._ZN8sfTkIBus13writeRegisterEtt
                0x00000000000030c0       0x14 .pio/build/feather_m0_lora_node_debug/src/platform/SparkfunBmv080Driver.cpp.o
                0x00000000000030c0                sfTkIBus::writeRegister(unsigned short, unsigned short)
 .text._ZN8sfTkIBus12readRegisterEhRh
                0x00000000000030d4       0x24 .pio/build/feather_m0_lora_node_debug/src/platform/SparkfunBmv080Driver.cpp.o
                0x00000000000030d4                sfTkIBus::readRegister(unsigned char, unsigned char&)
 .text._ZN8sfTkIBus12readRegisterEhPhjRj
                0x00000000000030f8       0x24 .pio/build/feather_m0_lora_node_debug/src/platform/SparkfunBmv080Driver.cpp.o
                0x00000000000030f8                sfTkIBus::readRegister(unsigned char, unsigned char*, unsigned int, unsigned int&)
 .text._ZN8sfTkIBus4typeEv
                0x000000000000311c        0x4 .pio/build/feather_m0_lora_node_debug/src/platform/SparkfunBmv080Driver.cpp.o
                0x000000000000311c                sfTkIBus::type()
 .text._ZN8sfTkII2C10setAddressEh
                0x0000000000003120        0x4 .pio/build/feather_m0_lora_node_debug/src/platform/SparkfunBmv080Driver.cpp.o
                0x0000000000003120                sfTkII2C::setAddress(unsigned char)
 .text._ZN8sfTkII2C7addressEv
                0x0000000000003124        0x4 .pio/build/feather_m0_lora_node_debug/src/platform/SparkfunBmv080Driver.cpp.o
                0x0000000000003124                sfTkII2C::address()
 .text._ZN8sfTkII2C7setStopEb
                0x0000000000003128        0x4 .pio/build/feather_m0_lora_node_debug/src/platform/SparkfunBmv080Driver.cpp.o
                0x0000000000003128                sfTkII2C::setStop(bool)
 .text._ZN8sfTkII2C4stopEv
                0x000000000000312c        0x4 .pio/build/feather_m0_lora_node_debug/src/platform/SparkfunBmv080Driver.cpp.o
                0x000000000000312c                sfTkII2C::stop()
 .text._ZN8sfTkII2C4typeEv
                0x0000000000003130        0x4 .pio/build/feather_m0_lora_node_debug/src/platform/SparkfunBmv080Driver.cpp.o
                0x0000000000003130                sfTkII2C::type()
 .text._ZN20SparkfunBmv080Driver15stopMeasurementEv
                0x0000000000003134       0x14 .pio/build/feather_m0_lora_node_debug/src/platform/SparkfunBmv080Driver.cpp.o
                0x0000000000003134                SparkfunBmv080Driver::stopMeasurement()
 .text._ZN8sfTkIBus12readRegisterEhRt
                0x0000000000003148       0x42 .pio/build/feather_m0_lora_node_debug/src/platform/SparkfunBmv080Driver.cpp.o
                0x0000000000003148                sfTkIBus::readRegister(unsigned char, unsigned short&)
 .text._ZN8sfTkIBus13writeRegisterEtPKhj
                0x000000000000318a       0x36 .pio/build/feather_m0_lora_node_debug/src/platform/SparkfunBmv080Driver.cpp.o
                0x000000000000318a                sfTkIBus::writeRegister(unsigned short, unsigned char const*, unsigned int)
 .text._ZN8sfTkIBus13writeRegisterEht
                0x00000000000031c0       0x3a .pio/build/feather_m0_lora_node_debug/src/platform/SparkfunBmv080Driver.cpp.o
                0x00000000000031c0                sfTkIBus::writeRegister(unsigned char, unsigned short)
 .text._ZN8sfTkIBus9writeDataEt
                0x00000000000031fa       0x32 .pio/build/feather_m0_lora_node_debug/src/platform/SparkfunBmv080Driver.cpp.o
                0x00000000000031fa                sfTkIBus::writeData(unsigned short)
 .text._ZN8sfTkIBus12readRegisterEhRm
                0x000000000000322c       0x42 .pio/build/feather_m0_lora_node_debug/src/platform/SparkfunBmv080Driver.cpp.o
                0x000000000000322c                sfTkIBus::readRegister(unsigned char, unsigned long&)
 .text._ZN8sfTkIBus13writeRegisterEtm
                0x000000000000326e       0x2c .pio/build/feather_m0_lora_node_debug/src/platform/SparkfunBmv080Driver.cpp.o
                0x000000000000326e                sfTkIBus::writeRegister(unsigned short, unsigned long)
 .text._ZN8sfTkIBus13writeRegisterEhm
                0x000000000000329a       0x36 .pio/build/feather_m0_lora_node_debug/src/platform/SparkfunBmv080Driver.cpp.o
                0x000000000000329a                sfTkIBus::writeRegister(unsigned char, unsigned long)
 .text._ZN8sfTkIBus9writeDataEm
                0x00000000000032d0       0x30 .pio/build/feather_m0_lora_node_debug/src/platform/SparkfunBmv080Driver.cpp.o
                0x00000000000032d0                sfTkIBus::writeData(unsigned long)
 .text._ZN8sfTkIBus13writeRegisterEtPKtj
                0x0000000000003300       0x5c .pio/build/feather_m0_lora_node_debug/src/platform/SparkfunBmv080Driver.cpp.o
                0x0000000000003300                sfTkIBus::writeRegister(unsigned short, unsigned short const*, unsigned int)
 .text._ZN20SparkfunBmv080Driver16startMeasurementEv
                0x000000000000335c       0x1e .pio/build/feather_m0_lora_node_debug/src/platform/SparkfunBmv080Driver.cpp.o
                0x000000000000335c                SparkfunBmv080Driver::startMeasurement()
 .text._ZN20SparkfunBmv080Driver5beginEh
                0x000000000000337a       0x60 .pio/build/feather_m0_lora_node_debug/src/platform/SparkfunBmv080Driver.cpp.o
                0x000000000000337a                SparkfunBmv080Driver::begin(unsigned char)
 .text._ZN20SparkfunBmv080Driver5resetEv
                0x00000000000033da       0x42 .pio/build/feather_m0_lora_node_debug/src/platform/SparkfunBmv080Driver.cpp.o
                0x00000000000033da                SparkfunBmv080Driver::reset()
 .text._ZN8sfTkIBus12readRegisterEtPhjRj
                0x000000000000341c       0x3e .pio/build/feather_m0_lora_node_debug/src/platform/SparkfunBmv080Driver.cpp.o
                0x000000000000341c                sfTkIBus::readRegister(unsigned short, unsigned char*, unsigned int, unsigned int&)
 .text._ZN8sfTkIBus12readRegisterEtPtjRj
                0x000000000000345a       0x42 .pio/build/feather_m0_lora_node_debug/src/platform/SparkfunBmv080Driver.cpp.o
                0x000000000000345a                sfTkIBus::readRegister(unsigned short, unsigned short*, unsigned int, unsigned int&)
 .text._ZN8sfTkIBus12readRegisterEtRm
                0x000000000000349c       0x30 .pio/build/feather_m0_lora_node_debug/src/platform/SparkfunBmv080Driver.cpp.o
                0x000000000000349c                sfTkIBus::readRegister(unsigned short, unsigned long&)
 .text._ZN8sfTkIBus12readRegisterEtRt
                0x00000000000034cc       0x30 .pio/build/feather_m0_lora_node_debug/src/platform/SparkfunBmv080Driver.cpp.o
                0x00000000000034cc                sfTkIBus::readRegister(unsigned short, unsigned short&)
 .text._ZN8sfTkIBus12readRegisterEtRh
                0x00000000000034fc       0x14 .pio/build/feather_m0_lora_node_debug/src/platform/SparkfunBmv080Driver.cpp.o
                0x00000000000034fc                sfTkIBus::readRegister(unsigned short, unsigned char&)
 .text._ZN20SparkfunBmv080Driver4readERN13IBmv080Driver4DataE
                0x0000000000003510       0x90 .pio/build/feather_m0_lora_node_debug/src/platform/SparkfunBmv080Driver.cpp.o
                0x0000000000003510                SparkfunBmv080Driver::read(IBmv080Driver::Data&)
 .text._ZN20SparkfunBmv080DriverC2ER7TwoWire
                0x00000000000035a0       0x4c .pio/build/feather_m0_lora_node_debug/src/platform/SparkfunBmv080Driver.cpp.o
                0x00000000000035a0                SparkfunBmv080Driver::SparkfunBmv080Driver(TwoWire&)
                0x00000000000035a0                SparkfunBmv080Driver::SparkfunBmv080Driver(TwoWire&)
 .text._ZN22SparkfunIcm20948Driver4readERN15IIcm20948Driver4DataE
                0x00000000000035ec       0x80 .pio/build/feather_m0_lora_node_debug/src/platform/SparkfunIcm20948Driver.cpp.o
                0x00000000000035ec                SparkfunIcm20948Driver::read(IIcm20948Driver::Data&)
 .text._ZN22SparkfunIcm20948DriverC2ER7TwoWire
                0x000000000000366c       0x24 .pio/build/feather_m0_lora_node_debug/src/platform/SparkfunIcm20948Driver.cpp.o
                0x000000000000366c                SparkfunIcm20948Driver::SparkfunIcm20948Driver(TwoWire&)
                0x000000000000366c                SparkfunIcm20948Driver::SparkfunIcm20948Driver(TwoWire&)
 .text._ZN22SparkfunIcm20948Driver19configureNormalModeEv
                0x0000000000003690       0x3a .pio/build/feather_m0_lora_node_debug/src/platform/SparkfunIcm20948Driver.cpp.o
                0x0000000000003690                SparkfunIcm20948Driver::configureNormalMode()
 .text._ZN22SparkfunIcm20948Driver5beginEh
                0x00000000000036ca       0x32 .pio/build/feather_m0_lora_node_debug/src/platform/SparkfunIcm20948Driver.cpp.o
                0x00000000000036ca                SparkfunIcm20948Driver::begin(unsigned char)
 .text._ZNK9TPSDriver7enabledEv
                0x00000000000036fc        0x4 .pio/build/feather_m0_lora_node_debug/src/platform/TPSDriver.cpp.o
                0x00000000000036fc                TPSDriver::enabled() const
 .text._ZN9TPSDriverC2ERKNS_6ConfigE
                0x0000000000003700       0x1c .pio/build/feather_m0_lora_node_debug/src/platform/TPSDriver.cpp.o
                0x0000000000003700                TPSDriver::TPSDriver(TPSDriver::Config const&)
                0x0000000000003700                TPSDriver::TPSDriver(TPSDriver::Config const&)
 .text._ZN9TPSDriver12writeEnabledEb
                0x000000000000371c       0x14 .pio/build/feather_m0_lora_node_debug/src/platform/TPSDriver.cpp.o
                0x000000000000371c                TPSDriver::writeEnabled(bool)
 .text._ZN9TPSDriver5beginEv
                0x0000000000003730       0x18 .pio/build/feather_m0_lora_node_debug/src/platform/TPSDriver.cpp.o
                0x0000000000003730                TPSDriver::begin()
 .text._ZN9TPSDriver6enableEv
                0x0000000000003748        0xc .pio/build/feather_m0_lora_node_debug/src/platform/TPSDriver.cpp.o
                0x0000000000003748                TPSDriver::enable()
 .text._ZN9TPSDriver7disableEv
                0x0000000000003754        0xc .pio/build/feather_m0_lora_node_debug/src/platform/TPSDriver.cpp.o
                0x0000000000003754                TPSDriver::disable()
 .text._ZN14BatteryMonitorC2ERKNS_6ConfigER13IAnalogReaderR6IClock
                0x0000000000003760       0x2e .pio/build/feather_m0_lora_node_debug/src/power/BatteryMonitor.cpp.o
                0x0000000000003760                BatteryMonitor::BatteryMonitor(BatteryMonitor::Config const&, IAnalogReader&, IClock&)
                0x0000000000003760                BatteryMonitor::BatteryMonitor(BatteryMonitor::Config const&, IAnalogReader&, IClock&)
 .text._ZN14BatteryMonitor5beginEv
                0x000000000000378e       0x3a .pio/build/feather_m0_lora_node_debug/src/power/BatteryMonitor.cpp.o
                0x000000000000378e                BatteryMonitor::begin()
 .text._ZN19DutyCycleControllerC2ERK15DutyCycleConfigR14ITriggerSensorPP7ISensorjR6IClockR14BatteryMonitor
                0x00000000000037c8       0x3c .pio/build/feather_m0_lora_node_debug/src/power/DutyCycleController.cpp.o
                0x00000000000037c8                DutyCycleController::DutyCycleController(DutyCycleConfig const&, ITriggerSensor&, ISensor**, unsigned int, IClock&, BatteryMonitor&)
                0x00000000000037c8                DutyCycleController::DutyCycleController(DutyCycleConfig const&, ITriggerSensor&, ISensor**, unsigned int, IClock&, BatteryMonitor&)
 .text._ZN13PacketHandlerC2ERKNS_6ConfigE
                0x0000000000003804       0x62 .pio/build/feather_m0_lora_node_debug/src/radio/PacketHandler.cpp.o
                0x0000000000003804                PacketHandler::PacketHandler(PacketHandler::Config const&)
                0x0000000000003804                PacketHandler::PacketHandler(PacketHandler::Config const&)
 .text._ZN9TdmaClockC2ERK10TdmaConfigR6IClock
                0x0000000000003866       0x24 .pio/build/feather_m0_lora_node_debug/src/radio/TdmaClock.cpp.o
                0x0000000000003866                TdmaClock::TdmaClock(TdmaConfig const&, IClock&)
                0x0000000000003866                TdmaClock::TdmaClock(TdmaConfig const&, IClock&)
 *fill*         0x000000000000388a        0x2 
 .text._ZN16TdmaRadioServiceC2ERK10TdmaConfigR9TdmaClockR11TdmaTxQueueR16ITdmaRadioDriver
                0x000000000000388c       0x7c .pio/build/feather_m0_lora_node_debug/src/radio/TdmaRadioService.cpp.o
                0x000000000000388c                TdmaRadioService::TdmaRadioService(TdmaConfig const&, TdmaClock&, TdmaTxQueue&, ITdmaRadioDriver&)
                0x000000000000388c                TdmaRadioService::TdmaRadioService(TdmaConfig const&, TdmaClock&, TdmaTxQueue&, ITdmaRadioDriver&)
 .text._ZN11TdmaTxQueueC2Eh
                0x0000000000003908       0x44 .pio/build/feather_m0_lora_node_debug/src/radio/TdmaTxQueue.cpp.o
                0x0000000000003908                TdmaTxQueue::TdmaTxQueue(unsigned char)
                0x0000000000003908                TdmaTxQueue::TdmaTxQueue(unsigned char)
 .text._ZNK12Bmv080Sensor4nameEv
                0x000000000000394c        0x8 .pio/build/feather_m0_lora_node_debug/src/sensors/Bmv080Sensor.cpp.o
                0x000000000000394c                Bmv080Sensor::name() const
 .text._ZNK12Bmv080Sensor7healthyEv
                0x0000000000003954        0x6 .pio/build/feather_m0_lora_node_debug/src/sensors/Bmv080Sensor.cpp.o
                0x0000000000003954                Bmv080Sensor::healthy() const
 .text._ZNK12Bmv080Sensor10powerStateEv
                0x000000000000395a        0x6 .pio/build/feather_m0_lora_node_debug/src/sensors/Bmv080Sensor.cpp.o
                0x000000000000395a                Bmv080Sensor::powerState() const
 .text._ZNK12Bmv080Sensor9dutyClassEv
                0x0000000000003960        0x4 .pio/build/feather_m0_lora_node_debug/src/sensors/Bmv080Sensor.cpp.o
                0x0000000000003960                Bmv080Sensor::dutyClass() const
 .text._ZNK12Bmv080Sensor11readingDataEv
                0x0000000000003964        0x4 .pio/build/feather_m0_lora_node_debug/src/sensors/Bmv080Sensor.cpp.o
                0x0000000000003964                Bmv080Sensor::readingData() const
 .text._ZNK12Bmv080Sensor11readingSizeEv
                0x0000000000003968        0x4 .pio/build/feather_m0_lora_node_debug/src/sensors/Bmv080Sensor.cpp.o
                0x0000000000003968                Bmv080Sensor::readingSize() const
 .text._ZNK12Bmv080Sensor5readyEv
                0x000000000000396c       0x30 .pio/build/feather_m0_lora_node_debug/src/sensors/Bmv080Sensor.cpp.o
                0x000000000000396c                Bmv080Sensor::ready() const
 .text._ZNK12Bmv080Sensor14writeTelemetryEPcj
                0x000000000000399c       0x60 .pio/build/feather_m0_lora_node_debug/src/sensors/Bmv080Sensor.cpp.o
                0x000000000000399c                Bmv080Sensor::writeTelemetry(char*, unsigned int) const
 .text._ZN12Bmv080Sensor5beginEv
                0x00000000000039fc       0xa0 .pio/build/feather_m0_lora_node_debug/src/sensors/Bmv080Sensor.cpp.o
                0x00000000000039fc                Bmv080Sensor::begin()
 .text._ZN12Bmv080Sensor4wakeEv
                0x0000000000003a9c       0xe0 .pio/build/feather_m0_lora_node_debug/src/sensors/Bmv080Sensor.cpp.o
                0x0000000000003a9c                Bmv080Sensor::wake()
 .text._ZN12Bmv080Sensor5sleepEv
                0x0000000000003b7c       0xc8 .pio/build/feather_m0_lora_node_debug/src/sensors/Bmv080Sensor.cpp.o
                0x0000000000003b7c                Bmv080Sensor::sleep()
 .text._ZN12Bmv080Sensor7serviceEv
                0x0000000000003c44       0x6c .pio/build/feather_m0_lora_node_debug/src/sensors/Bmv080Sensor.cpp.o
                0x0000000000003c44                Bmv080Sensor::service()
 .text._ZN12Bmv080Sensor6sampleEv
                0x0000000000003cb0       0xc4 .pio/build/feather_m0_lora_node_debug/src/sensors/Bmv080Sensor.cpp.o
                0x0000000000003cb0                Bmv080Sensor::sample()
 .text._ZNK12Bmv080Sensor12fillSnapshotER14SensorSnapshot
                0x0000000000003d74       0x54 .pio/build/feather_m0_lora_node_debug/src/sensors/Bmv080Sensor.cpp.o
                0x0000000000003d74                Bmv080Sensor::fillSnapshot(SensorSnapshot&) const
 .text._ZN12Bmv080Sensor5resetEv
                0x0000000000003dc8       0xb8 .pio/build/feather_m0_lora_node_debug/src/sensors/Bmv080Sensor.cpp.o
                0x0000000000003dc8                Bmv080Sensor::reset()
 .text._ZN12Bmv080SensorC2ERKNS_6ConfigER13IBmv080DriverR6IClock
                0x0000000000003e80       0x34 .pio/build/feather_m0_lora_node_debug/src/sensors/Bmv080Sensor.cpp.o
                0x0000000000003e80                Bmv080Sensor::Bmv080Sensor(Bmv080Sensor::Config const&, IBmv080Driver&, IClock&)
                0x0000000000003e80                Bmv080Sensor::Bmv080Sensor(Bmv080Sensor::Config const&, IBmv080Driver&, IClock&)
 .text._ZN7ISensor5resetEv
                0x0000000000003eb4       0x14 .pio/build/feather_m0_lora_node_debug/src/sensors/Icm20948Sensor.cpp.o
                0x0000000000003eb4                ISensor::reset()
 .text._ZNK7ISensor12fillSnapshotER14SensorSnapshot
                0x0000000000003ec8        0x2 .pio/build/feather_m0_lora_node_debug/src/sensors/Icm20948Sensor.cpp.o
                0x0000000000003ec8                ISensor::fillSnapshot(SensorSnapshot&) const
 *fill*         0x0000000000003eca        0x2 
 .text._ZNK14Icm20948Sensor4nameEv
                0x0000000000003ecc        0x8 .pio/build/feather_m0_lora_node_debug/src/sensors/Icm20948Sensor.cpp.o
                0x0000000000003ecc                Icm20948Sensor::name() const
 .text._ZNK14Icm20948Sensor7healthyEv
                0x0000000000003ed4        0x6 .pio/build/feather_m0_lora_node_debug/src/sensors/Icm20948Sensor.cpp.o
                0x0000000000003ed4                Icm20948Sensor::healthy() const
 .text._ZNK14Icm20948Sensor10powerStateEv
                0x0000000000003eda        0x6 .pio/build/feather_m0_lora_node_debug/src/sensors/Icm20948Sensor.cpp.o
                0x0000000000003eda                Icm20948Sensor::powerState() const
 .text._ZNK14Icm20948Sensor9dutyClassEv
                0x0000000000003ee0        0x4 .pio/build/feather_m0_lora_node_debug/src/sensors/Icm20948Sensor.cpp.o
                0x0000000000003ee0                Icm20948Sensor::dutyClass() const
 .text._ZNK14Icm20948Sensor11readingDataEv
                0x0000000000003ee4        0x4 .pio/build/feather_m0_lora_node_debug/src/sensors/Icm20948Sensor.cpp.o
                0x0000000000003ee4                Icm20948Sensor::readingData() const
 .text._ZNK14Icm20948Sensor11readingSizeEv
                0x0000000000003ee8        0x4 .pio/build/feather_m0_lora_node_debug/src/sensors/Icm20948Sensor.cpp.o
                0x0000000000003ee8                Icm20948Sensor::readingSize() const
 .text._ZNK14Icm20948Sensor5readyEv
                0x0000000000003eec       0x30 .pio/build/feather_m0_lora_node_debug/src/sensors/Icm20948Sensor.cpp.o
                0x0000000000003eec                Icm20948Sensor::ready() const
 .text._ZNK14Icm20948Sensor14writeTelemetryEPcj
                0x0000000000003f1c       0x74 .pio/build/feather_m0_lora_node_debug/src/sensors/Icm20948Sensor.cpp.o
                0x0000000000003f1c                Icm20948Sensor::writeTelemetry(char*, unsigned int) const
 .text._ZN14Icm20948Sensor5beginEv
                0x0000000000003f90       0xa8 .pio/build/feather_m0_lora_node_debug/src/sensors/Icm20948Sensor.cpp.o
                0x0000000000003f90                Icm20948Sensor::begin()
 .text._ZN14Icm20948Sensor4wakeEv
                0x0000000000004038       0xa0 .pio/build/feather_m0_lora_node_debug/src/sensors/Icm20948Sensor.cpp.o
                0x0000000000004038                Icm20948Sensor::wake()
 .text._ZN14Icm20948Sensor5sleepEv
                0x00000000000040d8       0x6c .pio/build/feather_m0_lora_node_debug/src/sensors/Icm20948Sensor.cpp.o
                0x00000000000040d8                Icm20948Sensor::sleep()
 .text._ZN14Icm20948Sensor7serviceEv
                0x0000000000004144       0x98 .pio/build/feather_m0_lora_node_debug/src/sensors/Icm20948Sensor.cpp.o
                0x0000000000004144                Icm20948Sensor::service()
 .text._ZN14Icm20948Sensor6sampleEv
                0x00000000000041dc       0xc4 .pio/build/feather_m0_lora_node_debug/src/sensors/Icm20948Sensor.cpp.o
                0x00000000000041dc                Icm20948Sensor::sample()
 .text._ZN14Icm20948SensorC2ERKNS_6ConfigER15IIcm20948DriverR6IClock
                0x00000000000042a0       0x40 .pio/build/feather_m0_lora_node_debug/src/sensors/Icm20948Sensor.cpp.o
                0x00000000000042a0                Icm20948Sensor::Icm20948Sensor(Icm20948Sensor::Config const&, IIcm20948Driver&, IClock&)
                0x00000000000042a0                Icm20948Sensor::Icm20948Sensor(Icm20948Sensor::Config const&, IIcm20948Driver&, IClock&)
 .text._ZN12_GLOBAL__N_120sensorPowerStateNameE16SensorPowerState
                0x00000000000042e0       0x1c .pio/build/feather_m0_lora_node_debug/src/sensors/Pa1010dGpsSensor.cpp.o
 .text._ZNK16Pa1010dGpsSensor4nameEv
                0x00000000000042fc        0x8 .pio/build/feather_m0_lora_node_debug/src/sensors/Pa1010dGpsSensor.cpp.o
                0x00000000000042fc                Pa1010dGpsSensor::name() const
 .text._ZNK16Pa1010dGpsSensor7healthyEv
                0x0000000000004304        0x6 .pio/build/feather_m0_lora_node_debug/src/sensors/Pa1010dGpsSensor.cpp.o
                0x0000000000004304                Pa1010dGpsSensor::healthy() const
 .text._ZNK16Pa1010dGpsSensor10powerStateEv
                0x000000000000430a        0x6 .pio/build/feather_m0_lora_node_debug/src/sensors/Pa1010dGpsSensor.cpp.o
                0x000000000000430a                Pa1010dGpsSensor::powerState() const
 .text._ZNK16Pa1010dGpsSensor9dutyClassEv
                0x0000000000004310        0x4 .pio/build/feather_m0_lora_node_debug/src/sensors/Pa1010dGpsSensor.cpp.o
                0x0000000000004310                Pa1010dGpsSensor::dutyClass() const
 .text._ZNK16Pa1010dGpsSensor11readingDataEv
                0x0000000000004314        0x4 .pio/build/feather_m0_lora_node_debug/src/sensors/Pa1010dGpsSensor.cpp.o
                0x0000000000004314                Pa1010dGpsSensor::readingData() const
 .text._ZNK16Pa1010dGpsSensor11readingSizeEv
                0x0000000000004318        0x4 .pio/build/feather_m0_lora_node_debug/src/sensors/Pa1010dGpsSensor.cpp.o
                0x0000000000004318                Pa1010dGpsSensor::readingSize() const
 .text._ZNK16Pa1010dGpsSensor5readyEv
                0x000000000000431c       0x30 .pio/build/feather_m0_lora_node_debug/src/sensors/Pa1010dGpsSensor.cpp.o
                0x000000000000431c                Pa1010dGpsSensor::ready() const
 .text._ZNK16Pa1010dGpsSensor14writeTelemetryEPcj
                0x000000000000434c       0x84 .pio/build/feather_m0_lora_node_debug/src/sensors/Pa1010dGpsSensor.cpp.o
                0x000000000000434c                Pa1010dGpsSensor::writeTelemetry(char*, unsigned int) const
 .text._ZN16Pa1010dGpsSensor5beginEv
                0x00000000000043d0      0x160 .pio/build/feather_m0_lora_node_debug/src/sensors/Pa1010dGpsSensor.cpp.o
                0x00000000000043d0                Pa1010dGpsSensor::begin()
 .text._ZN16Pa1010dGpsSensor4wakeEv
                0x0000000000004530      0x128 .pio/build/feather_m0_lora_node_debug/src/sensors/Pa1010dGpsSensor.cpp.o
                0x0000000000004530                Pa1010dGpsSensor::wake()
 .text._ZN16Pa1010dGpsSensor5sleepEv
                0x0000000000004658      0x154 .pio/build/feather_m0_lora_node_debug/src/sensors/Pa1010dGpsSensor.cpp.o
                0x0000000000004658                Pa1010dGpsSensor::sleep()
 .text._ZN16Pa1010dGpsSensor7serviceEv
                0x00000000000047ac       0xa4 .pio/build/feather_m0_lora_node_debug/src/sensors/Pa1010dGpsSensor.cpp.o
                0x00000000000047ac                Pa1010dGpsSensor::service()
 .text._ZN16Pa1010dGpsSensor6sampleEv
                0x0000000000004850       0xac .pio/build/feather_m0_lora_node_debug/src/sensors/Pa1010dGpsSensor.cpp.o
                0x0000000000004850                Pa1010dGpsSensor::sample()
 .text._ZNK16Pa1010dGpsSensor12fillSnapshotER14SensorSnapshot
                0x00000000000048fc       0x48 .pio/build/feather_m0_lora_node_debug/src/sensors/Pa1010dGpsSensor.cpp.o
                0x00000000000048fc                Pa1010dGpsSensor::fillSnapshot(SensorSnapshot&) const
 .text._ZN16Pa1010dGpsSensor5resetEv
                0x0000000000004944       0x90 .pio/build/feather_m0_lora_node_debug/src/sensors/Pa1010dGpsSensor.cpp.o
                0x0000000000004944                Pa1010dGpsSensor::reset()
 .text._ZN16Pa1010dGpsSensorC2ERKNS_6ConfigER10IGpsDriverR6IClock
                0x00000000000049d4       0x40 .pio/build/feather_m0_lora_node_debug/src/sensors/Pa1010dGpsSensor.cpp.o
                0x00000000000049d4                Pa1010dGpsSensor::Pa1010dGpsSensor(Pa1010dGpsSensor::Config const&, IGpsDriver&, IClock&)
                0x00000000000049d4                Pa1010dGpsSensor::Pa1010dGpsSensor(Pa1010dGpsSensor::Config const&, IGpsDriver&, IClock&)
 .text._ZNK11Sht31Sensor4nameEv
                0x0000000000004a14        0x8 .pio/build/feather_m0_lora_node_debug/src/sensors/Sht31Sensor.cpp.o
                0x0000000000004a14                Sht31Sensor::name() const
 .text._ZNK11Sht31Sensor14triggerReadingEv
                0x0000000000004a1c        0x4 .pio/build/feather_m0_lora_node_debug/src/sensors/Sht31Sensor.cpp.o
                0x0000000000004a1c                Sht31Sensor::triggerReading() const
 .text._ZNK11Sht31Sensor7healthyEv
                0x0000000000004a20        0x6 .pio/build/feather_m0_lora_node_debug/src/sensors/Sht31Sensor.cpp.o
                0x0000000000004a20                Sht31Sensor::healthy() const
 .text._ZNK11Sht31Sensor10powerStateEv
                0x0000000000004a26        0x6 .pio/build/feather_m0_lora_node_debug/src/sensors/Sht31Sensor.cpp.o
                0x0000000000004a26                Sht31Sensor::powerState() const
 .text._ZNK11Sht31Sensor9dutyClassEv
                0x0000000000004a2c        0x4 .pio/build/feather_m0_lora_node_debug/src/sensors/Sht31Sensor.cpp.o
                0x0000000000004a2c                Sht31Sensor::dutyClass() const
 .text._ZNK11Sht31Sensor11readingDataEv
                0x0000000000004a30        0x4 .pio/build/feather_m0_lora_node_debug/src/sensors/Sht31Sensor.cpp.o
                0x0000000000004a30                Sht31Sensor::readingData() const
 .text._ZNK11Sht31Sensor11readingSizeEv
                0x0000000000004a34        0x4 .pio/build/feather_m0_lora_node_debug/src/sensors/Sht31Sensor.cpp.o
                0x0000000000004a34                Sht31Sensor::readingSize() const
 .text._ZNK11Sht31Sensor14writeTelemetryEPcj
                0x0000000000004a38        0x4 .pio/build/feather_m0_lora_node_debug/src/sensors/Sht31Sensor.cpp.o
                0x0000000000004a38                Sht31Sensor::writeTelemetry(char*, unsigned int) const
 .text._ZThn4_NK11Sht31Sensor14triggerReadingEv
                0x0000000000004a3c        0x4 .pio/build/feather_m0_lora_node_debug/src/sensors/Sht31Sensor.cpp.o
                0x0000000000004a3c                non-virtual thunk to Sht31Sensor::triggerReading() const
 .text._ZN11Sht31Sensor5beginEv
                0x0000000000004a40       0xac .pio/build/feather_m0_lora_node_debug/src/sensors/Sht31Sensor.cpp.o
                0x0000000000004a40                Sht31Sensor::begin()
 .text._ZN11Sht31Sensor4wakeEv
                0x0000000000004aec       0x60 .pio/build/feather_m0_lora_node_debug/src/sensors/Sht31Sensor.cpp.o
                0x0000000000004aec                Sht31Sensor::wake()
 .text._ZN11Sht31Sensor5sleepEv
                0x0000000000004b4c       0x7c .pio/build/feather_m0_lora_node_debug/src/sensors/Sht31Sensor.cpp.o
                0x0000000000004b4c                Sht31Sensor::sleep()
 .text._ZN11Sht31Sensor7serviceEv
                0x0000000000004bc8       0x44 .pio/build/feather_m0_lora_node_debug/src/sensors/Sht31Sensor.cpp.o
                0x0000000000004bc8                Sht31Sensor::service()
 .text._ZThn4_N11Sht31Sensor7serviceEv
                0x0000000000004c0c       0x10 .pio/build/feather_m0_lora_node_debug/src/sensors/Sht31Sensor.cpp.o
                0x0000000000004c0c                non-virtual thunk to Sht31Sensor::service()
 .text._ZNK11Sht31Sensor5readyEv
                0x0000000000004c1c       0x84 .pio/build/feather_m0_lora_node_debug/src/sensors/Sht31Sensor.cpp.o
                0x0000000000004c1c                Sht31Sensor::ready() const
 .text._ZThn4_NK11Sht31Sensor5readyEv
                0x0000000000004ca0       0x10 .pio/build/feather_m0_lora_node_debug/src/sensors/Sht31Sensor.cpp.o
                0x0000000000004ca0                non-virtual thunk to Sht31Sensor::ready() const
 .text._ZN11Sht31Sensor6sampleEv
                0x0000000000004cb0      0x10c .pio/build/feather_m0_lora_node_debug/src/sensors/Sht31Sensor.cpp.o
                0x0000000000004cb0                Sht31Sensor::sample()
 .text._ZThn4_N11Sht31Sensor6sampleEv
                0x0000000000004dbc       0x10 .pio/build/feather_m0_lora_node_debug/src/sensors/Sht31Sensor.cpp.o
                0x0000000000004dbc                non-virtual thunk to Sht31Sensor::sample()
 .text._ZNK11Sht31Sensor12fillSnapshotER14SensorSnapshot
                0x0000000000004dcc       0x48 .pio/build/feather_m0_lora_node_debug/src/sensors/Sht31Sensor.cpp.o
                0x0000000000004dcc                Sht31Sensor::fillSnapshot(SensorSnapshot&) const
 .text._ZN11Sht31SensorC2ERKNS_6ConfigER12ISht31DriverR6IClock
                0x0000000000004e14       0x40 .pio/build/feather_m0_lora_node_debug/src/sensors/Sht31Sensor.cpp.o
                0x0000000000004e14                Sht31Sensor::Sht31Sensor(Sht31Sensor::Config const&, ISht31Driver&, IClock&)
                0x0000000000004e14                Sht31Sensor::Sht31Sensor(Sht31Sensor::Config const&, ISht31Driver&, IClock&)
 .text._ZNK14WindSensorRevC4nameEv
                0x0000000000004e54        0x8 .pio/build/feather_m0_lora_node_debug/src/sensors/WindSensorRevC.cpp.o
                0x0000000000004e54                WindSensorRevC::name() const
 .text._ZNK14WindSensorRevC7healthyEv
                0x0000000000004e5c        0x6 .pio/build/feather_m0_lora_node_debug/src/sensors/WindSensorRevC.cpp.o
                0x0000000000004e5c                WindSensorRevC::healthy() const
 .text._ZNK14WindSensorRevC10powerStateEv
                0x0000000000004e62        0x6 .pio/build/feather_m0_lora_node_debug/src/sensors/WindSensorRevC.cpp.o
                0x0000000000004e62                WindSensorRevC::powerState() const
 .text._ZNK14WindSensorRevC9dutyClassEv
                0x0000000000004e68        0x6 .pio/build/feather_m0_lora_node_debug/src/sensors/WindSensorRevC.cpp.o
                0x0000000000004e68                WindSensorRevC::dutyClass() const
 .text._ZNK14WindSensorRevC11readingDataEv
                0x0000000000004e6e        0x4 .pio/build/feather_m0_lora_node_debug/src/sensors/WindSensorRevC.cpp.o
                0x0000000000004e6e                WindSensorRevC::readingData() const
 .text._ZNK14WindSensorRevC11readingSizeEv
                0x0000000000004e72        0x4 .pio/build/feather_m0_lora_node_debug/src/sensors/WindSensorRevC.cpp.o
                0x0000000000004e72                WindSensorRevC::readingSize() const
 .text._ZNK14WindSensorRevC5readyEv
                0x0000000000004e76       0x3c .pio/build/feather_m0_lora_node_debug/src/sensors/WindSensorRevC.cpp.o
                0x0000000000004e76                WindSensorRevC::ready() const
 *fill*         0x0000000000004eb2        0x2 
 .text._ZNK14WindSensorRevC14writeTelemetryEPcj
                0x0000000000004eb4       0x7c .pio/build/feather_m0_lora_node_debug/src/sensors/WindSensorRevC.cpp.o
                0x0000000000004eb4                WindSensorRevC::writeTelemetry(char*, unsigned int) const
 .text._ZN14WindSensorRevC5beginEv
                0x0000000000004f30      0x13c .pio/build/feather_m0_lora_node_debug/src/sensors/WindSensorRevC.cpp.o
                0x0000000000004f30                WindSensorRevC::begin()
 .text._ZN14WindSensorRevC4wakeEv
                0x000000000000506c       0xe0 .pio/build/feather_m0_lora_node_debug/src/sensors/WindSensorRevC.cpp.o
                0x000000000000506c                WindSensorRevC::wake()
 .text._ZN14WindSensorRevC5sleepEv
                0x000000000000514c       0xe8 .pio/build/feather_m0_lora_node_debug/src/sensors/WindSensorRevC.cpp.o
                0x000000000000514c                WindSensorRevC::sleep()
 .text._ZN14WindSensorRevC7serviceEv
                0x0000000000005234       0x88 .pio/build/feather_m0_lora_node_debug/src/sensors/WindSensorRevC.cpp.o
                0x0000000000005234                WindSensorRevC::service()
 .text._ZNK14WindSensorRevC12fillSnapshotER14SensorSnapshot
                0x00000000000052bc       0x74 .pio/build/feather_m0_lora_node_debug/src/sensors/WindSensorRevC.cpp.o
                0x00000000000052bc                WindSensorRevC::fillSnapshot(SensorSnapshot&) const
 .text._ZN14WindSensorRevCC2ERKNS_6ConfigER13IAnalogReaderR4ItpsR6IClock
                0x0000000000005330       0x54 .pio/build/feather_m0_lora_node_debug/src/sensors/WindSensorRevC.cpp.o
                0x0000000000005330                WindSensorRevC::WindSensorRevC(WindSensorRevC::Config const&, IAnalogReader&, Itps&, IClock&)
                0x0000000000005330                WindSensorRevC::WindSensorRevC(WindSensorRevC::Config const&, IAnalogReader&, Itps&, IClock&)
 .text._ZNK14WindSensorRevC16adcToSensorVoltsEif
                0x0000000000005384       0x8c .pio/build/feather_m0_lora_node_debug/src/sensors/WindSensorRevC.cpp.o
                0x0000000000005384                WindSensorRevC::adcToSensorVolts(int, float) const
 .text._ZNK14WindSensorRevC13estimateTempCEf
                0x0000000000005410       0xe8 .pio/build/feather_m0_lora_node_debug/src/sensors/WindSensorRevC.cpp.o
                0x0000000000005410                WindSensorRevC::estimateTempC(float) const
 .text._ZNK14WindSensorRevC21estimateZeroWindVoltsEf
                0x00000000000054f8       0xfc .pio/build/feather_m0_lora_node_debug/src/sensors/WindSensorRevC.cpp.o
                0x00000000000054f8                WindSensorRevC::estimateZeroWindVolts(float) const
 .text._ZNK14WindSensorRevC15estimateWindMphEff
                0x00000000000055f4       0x88 .pio/build/feather_m0_lora_node_debug/src/sensors/WindSensorRevC.cpp.o
                0x00000000000055f4                WindSensorRevC::estimateWindMph(float, float) const
 .text._ZN14WindSensorRevC6sampleEv
                0x000000000000567c      0x1dc .pio/build/feather_m0_lora_node_debug/src/sensors/WindSensorRevC.cpp.o
                0x000000000000567c                WindSensorRevC::sample()
 .text._ZN5Print17availableForWriteEv
                0x0000000000005858        0x4 .pio/build/feather_m0_lora_node_debug/libca8/libWire.a(Wire.cpp.o)
                0x0000000000005858                Print::availableForWrite()
 .text._ZN7TwoWire5writeEPKhj
                0x000000000000585c       0x24 .pio/build/feather_m0_lora_node_debug/libca8/libWire.a(Wire.cpp.o)
                0x000000000000585c                TwoWire::write(unsigned char const*, unsigned int)
 .text._ZN7TwoWire5flushEv
                0x0000000000005880        0x2 .pio/build/feather_m0_lora_node_debug/libca8/libWire.a(Wire.cpp.o)
                0x0000000000005880                TwoWire::flush()
 .text._ZN7TwoWire4peekEv
                0x0000000000005882       0x1a .pio/build/feather_m0_lora_node_debug/libca8/libWire.a(Wire.cpp.o)
                0x0000000000005882                TwoWire::peek()
 .text._ZN7TwoWire9availableEv
                0x000000000000589c       0x12 .pio/build/feather_m0_lora_node_debug/libca8/libWire.a(Wire.cpp.o)
                0x000000000000589c                TwoWire::available()
 *fill*         0x00000000000058ae        0x2 
 .text._ZN7TwoWireC2EP6SERCOMhh
                0x00000000000058b0       0x5c .pio/build/feather_m0_lora_node_debug/libca8/libWire.a(Wire.cpp.o)
                0x00000000000058b0                TwoWire::TwoWire(SERCOM*, unsigned char, unsigned char)
                0x00000000000058b0                TwoWire::TwoWire(SERCOM*, unsigned char, unsigned char)
 .text._ZN7TwoWire5beginEv
                0x000000000000590c       0x40 .pio/build/feather_m0_lora_node_debug/libca8/libWire.a(Wire.cpp.o)
                0x000000000000590c                TwoWire::begin()
 .text._ZN7TwoWire17beginTransmissionEh
                0x000000000000594c       0x16 .pio/build/feather_m0_lora_node_debug/libca8/libWire.a(Wire.cpp.o)
                0x000000000000594c                TwoWire::beginTransmission(unsigned char)
 .text._ZN11RingBufferNILi256EE10store_charEh
                0x0000000000005962       0x1a .pio/build/feather_m0_lora_node_debug/libca8/libWire.a(Wire.cpp.o)
                0x0000000000005962                RingBufferN<256>::store_char(unsigned char)
 .text._ZN7TwoWire11requestFromEhjb
                0x000000000000597c       0x76 .pio/build/feather_m0_lora_node_debug/libca8/libWire.a(Wire.cpp.o)
                0x000000000000597c                TwoWire::requestFrom(unsigned char, unsigned int, bool)
 .text._ZN7TwoWire11requestFromEhj
                0x00000000000059f2        0xa .pio/build/feather_m0_lora_node_debug/libca8/libWire.a(Wire.cpp.o)
                0x00000000000059f2                TwoWire::requestFrom(unsigned char, unsigned int)
 .text._ZN7TwoWire5writeEh
                0x00000000000059fc       0x2c .pio/build/feather_m0_lora_node_debug/libca8/libWire.a(Wire.cpp.o)
                0x00000000000059fc                TwoWire::write(unsigned char)
 .text._ZN11RingBufferNILi256EE9read_charEv
                0x0000000000005a28       0x20 .pio/build/feather_m0_lora_node_debug/libca8/libWire.a(Wire.cpp.o)
                0x0000000000005a28                RingBufferN<256>::read_char()
 .text._ZN7TwoWire15endTransmissionEb
                0x0000000000005a48       0x70 .pio/build/feather_m0_lora_node_debug/libca8/libWire.a(Wire.cpp.o)
                0x0000000000005a48                TwoWire::endTransmission(bool)
 .text._ZN7TwoWire15endTransmissionEv
                0x0000000000005ab8        0xa .pio/build/feather_m0_lora_node_debug/libca8/libWire.a(Wire.cpp.o)
                0x0000000000005ab8                TwoWire::endTransmission()
 .text._ZN7TwoWire4readEv
                0x0000000000005ac2        0xa .pio/build/feather_m0_lora_node_debug/libca8/libWire.a(Wire.cpp.o)
                0x0000000000005ac2                TwoWire::read()
 .text._ZN7TwoWire9onServiceEv
                0x0000000000005acc      0x11c .pio/build/feather_m0_lora_node_debug/libca8/libWire.a(Wire.cpp.o)
                0x0000000000005acc                TwoWire::onService()
 .text.SERCOM3_Handler
                0x0000000000005be8       0x10 .pio/build/feather_m0_lora_node_debug/libca8/libWire.a(Wire.cpp.o)
                0x0000000000005be8                SERCOM3_Handler
 .text.startup._GLOBAL__sub_I__ZN7TwoWireC2EP6SERCOMhh
                0x0000000000005bf8       0x18 .pio/build/feather_m0_lora_node_debug/libca8/libWire.a(Wire.cpp.o)
 .text._ZL4crc8PKhi.constprop.0
                0x0000000000005c10       0x48 .pio/build/feather_m0_lora_node_debug/lib914/libAdafruit SHT31 Library.a(Adafruit_SHT31.cpp.o)
 .text._ZN14Adafruit_SHT31C2EP7TwoWire
                0x0000000000005c58       0x14 .pio/build/feather_m0_lora_node_debug/lib914/libAdafruit SHT31 Library.a(Adafruit_SHT31.cpp.o)
                0x0000000000005c58                Adafruit_SHT31::Adafruit_SHT31(TwoWire*)
                0x0000000000005c58                Adafruit_SHT31::Adafruit_SHT31(TwoWire*)
 .text._ZN14Adafruit_SHT31D2Ev
                0x0000000000005c6c       0x12 .pio/build/feather_m0_lora_node_debug/lib914/libAdafruit SHT31 Library.a(Adafruit_SHT31.cpp.o)
                0x0000000000005c6c                Adafruit_SHT31::~Adafruit_SHT31()
                0x0000000000005c6c                Adafruit_SHT31::~Adafruit_SHT31()
 .text._ZN14Adafruit_SHT3112writeCommandEt
                0x0000000000005c7e       0x1e .pio/build/feather_m0_lora_node_debug/lib914/libAdafruit SHT31 Library.a(Adafruit_SHT31.cpp.o)
                0x0000000000005c7e                Adafruit_SHT31::writeCommand(unsigned short)
 .text._ZN14Adafruit_SHT3110readStatusEv
                0x0000000000005c9c       0x24 .pio/build/feather_m0_lora_node_debug/lib914/libAdafruit SHT31 Library.a(Adafruit_SHT31.cpp.o)
                0x0000000000005c9c                Adafruit_SHT31::readStatus()
 .text._ZN14Adafruit_SHT315resetEv
                0x0000000000005cc0       0x14 .pio/build/feather_m0_lora_node_debug/lib914/libAdafruit SHT31 Library.a(Adafruit_SHT31.cpp.o)
                0x0000000000005cc0                Adafruit_SHT31::reset()
 .text._ZN14Adafruit_SHT315beginEh
                0x0000000000005cd4       0x4c .pio/build/feather_m0_lora_node_debug/lib914/libAdafruit SHT31 Library.a(Adafruit_SHT31.cpp.o)
                0x0000000000005cd4                Adafruit_SHT31::begin(unsigned char)
 .text._ZN14Adafruit_SHT3111readTempHumEv
                0x0000000000005d20       0x98 .pio/build/feather_m0_lora_node_debug/lib914/libAdafruit SHT31 Library.a(Adafruit_SHT31.cpp.o)
                0x0000000000005d20                Adafruit_SHT31::readTempHum()
 .text._ZN14Adafruit_SHT3115readTemperatureEv
                0x0000000000005db8       0x18 .pio/build/feather_m0_lora_node_debug/lib914/libAdafruit SHT31 Library.a(Adafruit_SHT31.cpp.o)
                0x0000000000005db8                Adafruit_SHT31::readTemperature()
 .text._ZN14Adafruit_SHT3112readHumidityEv
                0x0000000000005dd0       0x18 .pio/build/feather_m0_lora_node_debug/lib914/libAdafruit SHT31 Library.a(Adafruit_SHT31.cpp.o)
                0x0000000000005dd0                Adafruit_SHT31::readHumidity()
 .text._Z19ICM_20948_write_I2ChPhmPv
                0x0000000000005de8       0x3e .pio/build/feather_m0_lora_node_debug/libb3b/libSparkFun 9DoF IMU Breakout - ICM 20948 - Arduino Library.a(ICM_20948.cpp.o)
                0x0000000000005de8                ICM_20948_write_I2C(unsigned char, unsigned char*, unsigned long, void*)
 .text._Z18ICM_20948_read_I2ChPhmPv
                0x0000000000005e26       0x60 .pio/build/feather_m0_lora_node_debug/libb3b/libSparkFun 9DoF IMU Breakout - ICM 20948 - Arduino Library.a(ICM_20948.cpp.o)
                0x0000000000005e26                ICM_20948_read_I2C(unsigned char, unsigned char*, unsigned long, void*)
 .text._ZZN9ICM_2094812debugPrintlnEPK19__FlashStringHelperENUlPKcE_4_FUNES4_
                0x0000000000005e86        0x4 .pio/build/feather_m0_lora_node_debug/libb3b/libSparkFun 9DoF IMU Breakout - ICM 20948 - Arduino Library.a(ICM_20948.cpp.o)
 .text._ZZN9ICM_2094810debugPrintEPK19__FlashStringHelperENUlPKcE_4_FUNES4_
                0x0000000000005e8a        0x4 .pio/build/feather_m0_lora_node_debug/libb3b/libSparkFun 9DoF IMU Breakout - ICM 20948 - Arduino Library.a(ICM_20948.cpp.o)
 .text._ZN9ICM_20948C2Ev
                0x0000000000005e8e       0x1a .pio/build/feather_m0_lora_node_debug/libb3b/libSparkFun 9DoF IMU Breakout - ICM 20948 - Arduino Library.a(ICM_20948.cpp.o)
                0x0000000000005e8e                ICM_20948::ICM_20948()
                0x0000000000005e8e                ICM_20948::ICM_20948()
 .text._ZN9ICM_2094812doDebugPrintEPFcPKcES1_b
                0x0000000000005ea8       0x2e .pio/build/feather_m0_lora_node_debug/libb3b/libSparkFun 9DoF IMU Breakout - ICM 20948 - Arduino Library.a(ICM_20948.cpp.o)
                0x0000000000005ea8                ICM_20948::doDebugPrint(char (*)(char const*), char const*, bool)
 *fill*         0x0000000000005ed6        0x2 
 .text._ZN9ICM_2094810debugPrintEPK19__FlashStringHelper
                0x0000000000005ed8       0x14 .pio/build/feather_m0_lora_node_debug/libb3b/libSparkFun 9DoF IMU Breakout - ICM 20948 - Arduino Library.a(ICM_20948.cpp.o)
                0x0000000000005ed8                ICM_20948::debugPrint(__FlashStringHelper const*)
 .text._ZN9ICM_2094812debugPrintlnEPK19__FlashStringHelper
                0x0000000000005eec       0x14 .pio/build/feather_m0_lora_node_debug/libb3b/libSparkFun 9DoF IMU Breakout - ICM 20948 - Arduino Library.a(ICM_20948.cpp.o)
                0x0000000000005eec                ICM_20948::debugPrintln(__FlashStringHelper const*)
 .text._ZN9ICM_2094811debugPrintfEi
                0x0000000000005f00       0x12 .pio/build/feather_m0_lora_node_debug/libb3b/libSparkFun 9DoF IMU Breakout - ICM 20948 - Arduino Library.a(ICM_20948.cpp.o)
                0x0000000000005f00                ICM_20948::debugPrintf(int)
 *fill*         0x0000000000005f12        0x2 
 .text._ZN9ICM_2094816debugPrintStatusE18ICM_20948_Status_e
                0x0000000000005f14       0xac .pio/build/feather_m0_lora_node_debug/libb3b/libSparkFun 9DoF IMU Breakout - ICM 20948 - Arduino Library.a(ICM_20948.cpp.o)
                0x0000000000005f14                ICM_20948::debugPrintStatus(ICM_20948_Status_e)
 .text._ZN9ICM_209487getAGMTEv
                0x0000000000005fc0       0x26 .pio/build/feather_m0_lora_node_debug/libb3b/libSparkFun 9DoF IMU Breakout - ICM 20948 - Arduino Library.a(ICM_20948.cpp.o)
                0x0000000000005fc0                ICM_20948::getAGMT()
 *fill*         0x0000000000005fe6        0x2 
 .text._ZN9ICM_209484magXEv
                0x0000000000005fe8       0x28 .pio/build/feather_m0_lora_node_debug/libb3b/libSparkFun 9DoF IMU Breakout - ICM 20948 - Arduino Library.a(ICM_20948.cpp.o)
                0x0000000000005fe8                ICM_20948::magX()
 .text._ZN9ICM_209484magYEv
                0x0000000000006010       0x28 .pio/build/feather_m0_lora_node_debug/libb3b/libSparkFun 9DoF IMU Breakout - ICM 20948 - Arduino Library.a(ICM_20948.cpp.o)
                0x0000000000006010                ICM_20948::magY()
 .text._ZN9ICM_209484magZEv
                0x0000000000006038       0x28 .pio/build/feather_m0_lora_node_debug/libb3b/libSparkFun 9DoF IMU Breakout - ICM 20948 - Arduino Library.a(ICM_20948.cpp.o)
                0x0000000000006038                ICM_20948::magZ()
 .text._ZN9ICM_209488getAccMGEs
                0x0000000000006060       0x70 .pio/build/feather_m0_lora_node_debug/libb3b/libSparkFun 9DoF IMU Breakout - ICM 20948 - Arduino Library.a(ICM_20948.cpp.o)
                0x0000000000006060                ICM_20948::getAccMG(short)
 .text._ZN9ICM_209484accXEv
                0x00000000000060d0        0xc .pio/build/feather_m0_lora_node_debug/libb3b/libSparkFun 9DoF IMU Breakout - ICM 20948 - Arduino Library.a(ICM_20948.cpp.o)
                0x00000000000060d0                ICM_20948::accX()
 .text._ZN9ICM_209484accYEv
                0x00000000000060dc        0xc .pio/build/feather_m0_lora_node_debug/libb3b/libSparkFun 9DoF IMU Breakout - ICM 20948 - Arduino Library.a(ICM_20948.cpp.o)
                0x00000000000060dc                ICM_20948::accY()
 .text._ZN9ICM_209484accZEv
                0x00000000000060e8        0xc .pio/build/feather_m0_lora_node_debug/libb3b/libSparkFun 9DoF IMU Breakout - ICM 20948 - Arduino Library.a(ICM_20948.cpp.o)
                0x00000000000060e8                ICM_20948::accZ()
 .text._ZN9ICM_209489getGyrDPSEs
                0x00000000000060f4       0x68 .pio/build/feather_m0_lora_node_debug/libb3b/libSparkFun 9DoF IMU Breakout - ICM 20948 - Arduino Library.a(ICM_20948.cpp.o)
                0x00000000000060f4                ICM_20948::getGyrDPS(short)
 .text._ZN9ICM_209484gyrXEv
                0x000000000000615c        0xc .pio/build/feather_m0_lora_node_debug/libb3b/libSparkFun 9DoF IMU Breakout - ICM 20948 - Arduino Library.a(ICM_20948.cpp.o)
                0x000000000000615c                ICM_20948::gyrX()
 .text._ZN9ICM_209484gyrYEv
                0x0000000000006168        0xc .pio/build/feather_m0_lora_node_debug/libb3b/libSparkFun 9DoF IMU Breakout - ICM 20948 - Arduino Library.a(ICM_20948.cpp.o)
                0x0000000000006168                ICM_20948::gyrY()
 .text._ZN9ICM_209484gyrZEv
                0x0000000000006174        0xc .pio/build/feather_m0_lora_node_debug/libb3b/libSparkFun 9DoF IMU Breakout - ICM 20948 - Arduino Library.a(ICM_20948.cpp.o)
                0x0000000000006174                ICM_20948::gyrZ()
 .text._ZN9ICM_209487swResetEv
                0x0000000000006180       0x10 .pio/build/feather_m0_lora_node_debug/libb3b/libSparkFun 9DoF IMU Breakout - ICM 20948 - Arduino Library.a(ICM_20948.cpp.o)
                0x0000000000006180                ICM_20948::swReset()
 .text._ZN9ICM_209485sleepEb
                0x0000000000006190       0x10 .pio/build/feather_m0_lora_node_debug/libb3b/libSparkFun 9DoF IMU Breakout - ICM 20948 - Arduino Library.a(ICM_20948.cpp.o)
                0x0000000000006190                ICM_20948::sleep(bool)
 .text._ZN9ICM_209488lowPowerEb
                0x00000000000061a0       0x10 .pio/build/feather_m0_lora_node_debug/libb3b/libSparkFun 9DoF IMU Breakout - ICM 20948 - Arduino Library.a(ICM_20948.cpp.o)
                0x00000000000061a0                ICM_20948::lowPower(bool)
 .text._ZN9ICM_209487checkIDEv
                0x00000000000061b0       0x38 .pio/build/feather_m0_lora_node_debug/libb3b/libSparkFun 9DoF IMU Breakout - ICM 20948 - Arduino Library.a(ICM_20948.cpp.o)
                0x00000000000061b0                ICM_20948::checkID()
 .text._ZN9ICM_209489dataReadyEv
                0x00000000000061e8       0x16 .pio/build/feather_m0_lora_node_debug/libb3b/libSparkFun 9DoF IMU Breakout - ICM 20948 - Arduino Library.a(ICM_20948.cpp.o)
                0x00000000000061e8                ICM_20948::dataReady()
 .text._ZN9ICM_2094813setSampleModeEhh
                0x00000000000061fe       0x18 .pio/build/feather_m0_lora_node_debug/libb3b/libSparkFun 9DoF IMU Breakout - ICM 20948 - Arduino Library.a(ICM_20948.cpp.o)
                0x00000000000061fe                ICM_20948::setSampleMode(unsigned char, unsigned char)
 .text._ZN9ICM_2094812setFullScaleEh15ICM_20948_fss_t
                0x0000000000006216       0x10 .pio/build/feather_m0_lora_node_debug/libb3b/libSparkFun 9DoF IMU Breakout - ICM 20948 - Arduino Library.a(ICM_20948.cpp.o)
                0x0000000000006216                ICM_20948::setFullScale(unsigned char, ICM_20948_fss_t)
 .text._ZN9ICM_2094810setDLPFcfgEh18ICM_20948_dlpcfg_t
                0x0000000000006226       0x16 .pio/build/feather_m0_lora_node_debug/libb3b/libSparkFun 9DoF IMU Breakout - ICM 20948 - Arduino Library.a(ICM_20948.cpp.o)
                0x0000000000006226                ICM_20948::setDLPFcfg(unsigned char, ICM_20948_dlpcfg_t)
 .text._ZN9ICM_2094810enableDLPFEhb
                0x000000000000623c       0x10 .pio/build/feather_m0_lora_node_debug/libb3b/libSparkFun 9DoF IMU Breakout - ICM 20948 - Arduino Library.a(ICM_20948.cpp.o)
                0x000000000000623c                ICM_20948::enableDLPF(unsigned char, bool)
 .text._ZN9ICM_2094820i2cMasterPassthroughEb
                0x000000000000624c       0x10 .pio/build/feather_m0_lora_node_debug/libb3b/libSparkFun 9DoF IMU Breakout - ICM 20948 - Arduino Library.a(ICM_20948.cpp.o)
                0x000000000000624c                ICM_20948::i2cMasterPassthrough(bool)
 .text._ZN9ICM_2094815i2cMasterEnableEb
                0x000000000000625c       0x10 .pio/build/feather_m0_lora_node_debug/libb3b/libSparkFun 9DoF IMU Breakout - ICM 20948 - Arduino Library.a(ICM_20948.cpp.o)
                0x000000000000625c                ICM_20948::i2cMasterEnable(bool)
 .text._ZN9ICM_2094814i2cMasterResetEv
                0x000000000000626c       0x10 .pio/build/feather_m0_lora_node_debug/libb3b/libSparkFun 9DoF IMU Breakout - ICM 20948 - Arduino Library.a(ICM_20948.cpp.o)
                0x000000000000626c                ICM_20948::i2cMasterReset()
 .text._ZN9ICM_2094832i2cControllerConfigurePeripheralEhhhhbbbbbh
                0x000000000000627c       0x54 .pio/build/feather_m0_lora_node_debug/libb3b/libSparkFun 9DoF IMU Breakout - ICM 20948 - Arduino Library.a(ICM_20948.cpp.o)
                0x000000000000627c                ICM_20948::i2cControllerConfigurePeripheral(unsigned char, unsigned char, unsigned char, unsigned char, bool, bool, bool, bool, bool, unsigned char)
 .text._ZN9ICM_2094816i2cMasterSingleWEhhh
                0x00000000000062d0       0x1a .pio/build/feather_m0_lora_node_debug/libb3b/libSparkFun 9DoF IMU Breakout - ICM 20948 - Arduino Library.a(ICM_20948.cpp.o)
                0x00000000000062d0                ICM_20948::i2cMasterSingleW(unsigned char, unsigned char, unsigned char)
 *fill*         0x00000000000062ea        0x2 
 .text._ZN9ICM_2094816i2cMasterSingleREhh
                0x00000000000062ec       0x48 .pio/build/feather_m0_lora_node_debug/libb3b/libSparkFun 9DoF IMU Breakout - ICM 20948 - Arduino Library.a(ICM_20948.cpp.o)
                0x00000000000062ec                ICM_20948::i2cMasterSingleR(unsigned char, unsigned char)
 .text._ZN9ICM_209487readMagE18AK09916_Reg_Addr_e
                0x0000000000006334        0xc .pio/build/feather_m0_lora_node_debug/libb3b/libSparkFun 9DoF IMU Breakout - ICM 20948 - Arduino Library.a(ICM_20948.cpp.o)
                0x0000000000006334                ICM_20948::readMag(AK09916_Reg_Addr_e)
 .text._ZN9ICM_209488writeMagE18AK09916_Reg_Addr_ePh
                0x0000000000006340       0x14 .pio/build/feather_m0_lora_node_debug/libb3b/libSparkFun 9DoF IMU Breakout - ICM 20948 - Arduino Library.a(ICM_20948.cpp.o)
                0x0000000000006340                ICM_20948::writeMag(AK09916_Reg_Addr_e, unsigned char*)
 .text._ZN9ICM_209488resetMagEv
                0x0000000000006354       0x14 .pio/build/feather_m0_lora_node_debug/libb3b/libSparkFun 9DoF IMU Breakout - ICM 20948 - Arduino Library.a(ICM_20948.cpp.o)
                0x0000000000006354                ICM_20948::resetMag()
 .text._ZN13ICM_20948_I2CC2Ev
                0x0000000000006368       0x18 .pio/build/feather_m0_lora_node_debug/libb3b/libSparkFun 9DoF IMU Breakout - ICM 20948 - Arduino Library.a(ICM_20948.cpp.o)
                0x0000000000006368                ICM_20948_I2C::ICM_20948_I2C()
                0x0000000000006368                ICM_20948_I2C::ICM_20948_I2C()
 .text._ZN9ICM_209489magWhoIAmEv
                0x0000000000006380       0xc8 .pio/build/feather_m0_lora_node_debug/libb3b/libSparkFun 9DoF IMU Breakout - ICM 20948 - Arduino Library.a(ICM_20948.cpp.o)
                0x0000000000006380                ICM_20948::magWhoIAm()
 .text._ZN9ICM_2094819startupMagnetometerEb
                0x0000000000006448      0x110 .pio/build/feather_m0_lora_node_debug/libb3b/libSparkFun 9DoF IMU Breakout - ICM 20948 - Arduino Library.a(ICM_20948.cpp.o)
                0x0000000000006448                ICM_20948::startupMagnetometer(bool)
 .text._ZN9ICM_2094814startupDefaultEb
                0x0000000000006558      0x124 .pio/build/feather_m0_lora_node_debug/libb3b/libSparkFun 9DoF IMU Breakout - ICM 20948 - Arduino Library.a(ICM_20948.cpp.o)
                0x0000000000006558                ICM_20948::startupDefault(bool)
 .text._ZN13ICM_20948_I2C5beginER7TwoWirebh
                0x000000000000667c       0x9c .pio/build/feather_m0_lora_node_debug/libb3b/libSparkFun 9DoF IMU Breakout - ICM 20948 - Arduino Library.a(ICM_20948.cpp.o)
                0x000000000000667c                ICM_20948_I2C::begin(TwoWire&, bool, unsigned char)
 .text.ICM_20948_init_struct
                0x0000000000006718       0x14 .pio/build/feather_m0_lora_node_debug/libb3b/libSparkFun 9DoF IMU Breakout - ICM 20948 - Arduino Library.a(ICM_20948_C.c.o)
                0x0000000000006718                ICM_20948_init_struct
 .text.ICM_20948_execute_w
                0x000000000000672c       0x1a .pio/build/feather_m0_lora_node_debug/libb3b/libSparkFun 9DoF IMU Breakout - ICM 20948 - Arduino Library.a(ICM_20948_C.c.o)
                0x000000000000672c                ICM_20948_execute_w
 .text.ICM_20948_execute_r
                0x0000000000006746       0x1a .pio/build/feather_m0_lora_node_debug/libb3b/libSparkFun 9DoF IMU Breakout - ICM 20948 - Arduino Library.a(ICM_20948_C.c.o)
                0x0000000000006746                ICM_20948_execute_r
 .text.ICM_20948_set_bank
                0x0000000000006760       0x28 .pio/build/feather_m0_lora_node_debug/libb3b/libSparkFun 9DoF IMU Breakout - ICM 20948 - Arduino Library.a(ICM_20948_C.c.o)
                0x0000000000006760                ICM_20948_set_bank
 .text.ICM_20948_i2c_controller_periph4_txn
                0x0000000000006788      0x126 .pio/build/feather_m0_lora_node_debug/libb3b/libSparkFun 9DoF IMU Breakout - ICM 20948 - Arduino Library.a(ICM_20948_C.c.o)
                0x0000000000006788                ICM_20948_i2c_controller_periph4_txn
 .text.ICM_20948_i2c_master_single_w
                0x00000000000068ae       0x16 .pio/build/feather_m0_lora_node_debug/libb3b/libSparkFun 9DoF IMU Breakout - ICM 20948 - Arduino Library.a(ICM_20948_C.c.o)
                0x00000000000068ae                ICM_20948_i2c_master_single_w
 .text.ICM_20948_i2c_master_single_r
                0x00000000000068c4       0x12 .pio/build/feather_m0_lora_node_debug/libb3b/libSparkFun 9DoF IMU Breakout - ICM 20948 - Arduino Library.a(ICM_20948_C.c.o)
                0x00000000000068c4                ICM_20948_i2c_master_single_r
 .text.ICM_20948_sw_reset
                0x00000000000068d6       0x36 .pio/build/feather_m0_lora_node_debug/libb3b/libSparkFun 9DoF IMU Breakout - ICM 20948 - Arduino Library.a(ICM_20948_C.c.o)
                0x00000000000068d6                ICM_20948_sw_reset
 .text.ICM_20948_sleep
                0x000000000000690c       0x3c .pio/build/feather_m0_lora_node_debug/libb3b/libSparkFun 9DoF IMU Breakout - ICM 20948 - Arduino Library.a(ICM_20948_C.c.o)
                0x000000000000690c                ICM_20948_sleep
 .text.ICM_20948_low_power
                0x0000000000006948       0x3c .pio/build/feather_m0_lora_node_debug/libb3b/libSparkFun 9DoF IMU Breakout - ICM 20948 - Arduino Library.a(ICM_20948_C.c.o)
                0x0000000000006948                ICM_20948_low_power
 .text.ICM_20948_get_who_am_i
                0x0000000000006984       0x22 .pio/build/feather_m0_lora_node_debug/libb3b/libSparkFun 9DoF IMU Breakout - ICM 20948 - Arduino Library.a(ICM_20948_C.c.o)
                0x0000000000006984                ICM_20948_get_who_am_i
 .text.ICM_20948_check_id
                0x00000000000069a6       0x1e .pio/build/feather_m0_lora_node_debug/libb3b/libSparkFun 9DoF IMU Breakout - ICM 20948 - Arduino Library.a(ICM_20948_C.c.o)
                0x00000000000069a6                ICM_20948_check_id
 .text.ICM_20948_data_ready
                0x00000000000069c4       0x2a .pio/build/feather_m0_lora_node_debug/libb3b/libSparkFun 9DoF IMU Breakout - ICM 20948 - Arduino Library.a(ICM_20948_C.c.o)
                0x00000000000069c4                ICM_20948_data_ready
 .text.ICM_20948_set_sample_mode
                0x00000000000069ee       0xde .pio/build/feather_m0_lora_node_debug/libb3b/libSparkFun 9DoF IMU Breakout - ICM 20948 - Arduino Library.a(ICM_20948_C.c.o)
                0x00000000000069ee                ICM_20948_set_sample_mode
 .text.ICM_20948_set_full_scale
                0x0000000000006acc       0xea .pio/build/feather_m0_lora_node_debug/libb3b/libSparkFun 9DoF IMU Breakout - ICM 20948 - Arduino Library.a(ICM_20948_C.c.o)
                0x0000000000006acc                ICM_20948_set_full_scale
 .text.ICM_20948_set_dlpf_cfg
                0x0000000000006bb6       0xf0 .pio/build/feather_m0_lora_node_debug/libb3b/libSparkFun 9DoF IMU Breakout - ICM 20948 - Arduino Library.a(ICM_20948_C.c.o)
                0x0000000000006bb6                ICM_20948_set_dlpf_cfg
 .text.ICM_20948_enable_dlpf
                0x0000000000006ca6       0xe6 .pio/build/feather_m0_lora_node_debug/libb3b/libSparkFun 9DoF IMU Breakout - ICM 20948 - Arduino Library.a(ICM_20948_C.c.o)
                0x0000000000006ca6                ICM_20948_enable_dlpf
 .text.ICM_20948_i2c_master_passthrough
                0x0000000000006d8c       0x40 .pio/build/feather_m0_lora_node_debug/libb3b/libSparkFun 9DoF IMU Breakout - ICM 20948 - Arduino Library.a(ICM_20948_C.c.o)
                0x0000000000006d8c                ICM_20948_i2c_master_passthrough
 .text.ICM_20948_i2c_master_enable
                0x0000000000006dcc       0x88 .pio/build/feather_m0_lora_node_debug/libb3b/libSparkFun 9DoF IMU Breakout - ICM 20948 - Arduino Library.a(ICM_20948_C.c.o)
                0x0000000000006dcc                ICM_20948_i2c_master_enable
 .text.ICM_20948_i2c_master_reset
                0x0000000000006e54       0x38 .pio/build/feather_m0_lora_node_debug/libb3b/libSparkFun 9DoF IMU Breakout - ICM 20948 - Arduino Library.a(ICM_20948_C.c.o)
                0x0000000000006e54                ICM_20948_i2c_master_reset
 .text.ICM_20948_i2c_controller_configure_peripheral
                0x0000000000006e8c       0xd6 .pio/build/feather_m0_lora_node_debug/libb3b/libSparkFun 9DoF IMU Breakout - ICM 20948 - Arduino Library.a(ICM_20948_C.c.o)
                0x0000000000006e8c                ICM_20948_i2c_controller_configure_peripheral
 .text.ICM_20948_get_agmt
                0x0000000000006f62      0x10a .pio/build/feather_m0_lora_node_debug/libb3b/libSparkFun 9DoF IMU Breakout - ICM 20948 - Arduino Library.a(ICM_20948_C.c.o)
                0x0000000000006f62                ICM_20948_get_agmt
 .text._ZN5Print5flushEv
                0x000000000000706c        0x2 .pio/build/feather_m0_lora_node_debug/libcb6/libAdafruit GPS Library.a(Adafruit_GPS.cpp.o)
                0x000000000000706c                Print::flush()
 *fill*         0x000000000000706e        0x2 
 .text._ZN12Adafruit_GPSD2Ev
                0x0000000000007070       0x24 .pio/build/feather_m0_lora_node_debug/libcb6/libAdafruit GPS Library.a(Adafruit_GPS.cpp.o)
                0x0000000000007070                Adafruit_GPS::~Adafruit_GPS()
                0x0000000000007070                Adafruit_GPS::~Adafruit_GPS()
 .text._ZN12Adafruit_GPSD0Ev
                0x0000000000007094       0x12 .pio/build/feather_m0_lora_node_debug/libcb6/libAdafruit GPS Library.a(Adafruit_GPS.cpp.o)
                0x0000000000007094                Adafruit_GPS::~Adafruit_GPS()
 *fill*         0x00000000000070a6        0x2 
 .text._ZN12Adafruit_GPS5writeEh
                0x00000000000070a8       0xb4 .pio/build/feather_m0_lora_node_debug/libcb6/libAdafruit GPS Library.a(Adafruit_GPS.cpp.o)
                0x00000000000070a8                Adafruit_GPS::write(unsigned char)
 .text._ZN12Adafruit_GPS5beginEm
                0x000000000000715c       0xb4 .pio/build/feather_m0_lora_node_debug/libcb6/libAdafruit GPS Library.a(Adafruit_GPS.cpp.o)
                0x000000000000715c                Adafruit_GPS::begin(unsigned long)
 .text._ZN12Adafruit_GPS11common_initEv
                0x0000000000007210       0x84 .pio/build/feather_m0_lora_node_debug/libcb6/libAdafruit GPS Library.a(Adafruit_GPS.cpp.o)
                0x0000000000007210                Adafruit_GPS::common_init()
 .text._ZN12Adafruit_GPSC2EP7TwoWire
                0x0000000000007294      0x328 .pio/build/feather_m0_lora_node_debug/libcb6/libAdafruit GPS Library.a(Adafruit_GPS.cpp.o)
                0x0000000000007294                Adafruit_GPS::Adafruit_GPS(TwoWire*)
                0x0000000000007294                Adafruit_GPS::Adafruit_GPS(TwoWire*)
 .text._ZN12Adafruit_GPS4readEv
                0x00000000000075bc      0x210 .pio/build/feather_m0_lora_node_debug/libcb6/libAdafruit GPS Library.a(Adafruit_GPS.cpp.o)
                0x00000000000075bc                Adafruit_GPS::read()
 .text._ZN12Adafruit_GPS11sendCommandEPKc
                0x00000000000077cc        0x8 .pio/build/feather_m0_lora_node_debug/libcb6/libAdafruit GPS Library.a(Adafruit_GPS.cpp.o)
                0x00000000000077cc                Adafruit_GPS::sendCommand(char const*)
 .text._ZN12Adafruit_GPS15newNMEAreceivedEv
                0x00000000000077d4        0xc .pio/build/feather_m0_lora_node_debug/libcb6/libAdafruit GPS Library.a(Adafruit_GPS.cpp.o)
                0x00000000000077d4                Adafruit_GPS::newNMEAreceived()
 .text._ZN12Adafruit_GPS8lastNMEAEv
                0x00000000000077e0       0x10 .pio/build/feather_m0_lora_node_debug/libcb6/libAdafruit GPS Library.a(Adafruit_GPS.cpp.o)
                0x00000000000077e0                Adafruit_GPS::lastNMEA()
 .text._ZN12Adafruit_GPS13initDataValueE12nmea_index_tPcS1_S1_m17nmea_value_type_t
                0x00000000000077f0       0x74 .pio/build/feather_m0_lora_node_debug/libcb6/libAdafruit GPS Library.a(NMEA_data.cpp.o)
                0x00000000000077f0                Adafruit_GPS::initDataValue(nmea_index_t, char*, char*, char*, unsigned long, nmea_value_type_t)
 .text._ZN12Adafruit_GPS9data_initEv
                0x0000000000007864      0x478 .pio/build/feather_m0_lora_node_debug/libcb6/libAdafruit GPS Library.a(NMEA_data.cpp.o)
                0x0000000000007864                Adafruit_GPS::data_init()
 .text._ZN12Adafruit_GPS13removeHistoryE12nmea_index_t
                0x0000000000007cdc       0x24 .pio/build/feather_m0_lora_node_debug/libcb6/libAdafruit GPS Library.a(NMEA_data.cpp.o)
                0x0000000000007cdc                Adafruit_GPS::removeHistory(nmea_index_t)
 .text._ZN12Adafruit_GPS9boatAngleEff
                0x0000000000007d00       0xc8 .pio/build/feather_m0_lora_node_debug/libcb6/libAdafruit GPS Library.a(NMEA_data.cpp.o)
                0x0000000000007d00                Adafruit_GPS::boatAngle(float, float)
 .text._ZN12Adafruit_GPS12compassAngleEff
                0x0000000000007dc8       0x50 .pio/build/feather_m0_lora_node_debug/libcb6/libAdafruit GPS Library.a(NMEA_data.cpp.o)
                0x0000000000007dc8                Adafruit_GPS::compassAngle(float, float)
 .text._ZN12Adafruit_GPS12newDataValueE12nmea_index_tf
                0x0000000000007e18      0x1ac .pio/build/feather_m0_lora_node_debug/libcb6/libAdafruit GPS Library.a(NMEA_data.cpp.o)
                0x0000000000007e18                Adafruit_GPS::newDataValue(nmea_index_t, float)
 .text._ZN12Adafruit_GPS7isEmptyEPc.constprop.0
                0x0000000000007fc4       0x10 .pio/build/feather_m0_lora_node_debug/libcb6/libAdafruit GPS Library.a(NMEA_parse.cpp.o)
 .text._ZN12Adafruit_GPS11tokenOnListEPcPPKc
                0x0000000000007fd4       0x4c .pio/build/feather_m0_lora_node_debug/libcb6/libAdafruit GPS Library.a(NMEA_parse.cpp.o)
                0x0000000000007fd4                Adafruit_GPS::tokenOnList(char*, char const**)
 .text._ZN12Adafruit_GPS10parseCoordEPcPfS1_PlS0_
                0x0000000000008020      0x190 .pio/build/feather_m0_lora_node_debug/libcb6/libAdafruit GPS Library.a(NMEA_parse.cpp.o)
                0x0000000000008020                Adafruit_GPS::parseCoord(char*, float*, float*, long*, char*)
 .text._ZN12Adafruit_GPS8parseStrEPcS0_i
                0x00000000000081b0       0x60 .pio/build/feather_m0_lora_node_debug/libcb6/libAdafruit GPS Library.a(NMEA_parse.cpp.o)
                0x00000000000081b0                Adafruit_GPS::parseStr(char*, char*, int)
 .text._ZN12Adafruit_GPS9parseTimeEPc
                0x0000000000008210       0xac .pio/build/feather_m0_lora_node_debug/libcb6/libAdafruit GPS Library.a(NMEA_parse.cpp.o)
                0x0000000000008210                Adafruit_GPS::parseTime(char*)
 .text._ZN12Adafruit_GPS8parseFixEPc
                0x00000000000082bc       0x40 .pio/build/feather_m0_lora_node_debug/libcb6/libAdafruit GPS Library.a(NMEA_parse.cpp.o)
                0x00000000000082bc                Adafruit_GPS::parseFix(char*)
 .text._ZN12Adafruit_GPS12parseAntennaEPc
                0x00000000000082fc       0x3e .pio/build/feather_m0_lora_node_debug/libcb6/libAdafruit GPS Library.a(NMEA_parse.cpp.o)
                0x00000000000082fc                Adafruit_GPS::parseAntenna(char*)
 .text._ZN12Adafruit_GPS8parseHexEc
                0x000000000000833a       0x1e .pio/build/feather_m0_lora_node_debug/libcb6/libAdafruit GPS Library.a(NMEA_parse.cpp.o)
                0x000000000000833a                Adafruit_GPS::parseHex(char)
 .text._ZN12Adafruit_GPS5checkEPc
                0x0000000000008358       0xe8 .pio/build/feather_m0_lora_node_debug/libcb6/libAdafruit GPS Library.a(NMEA_parse.cpp.o)
                0x0000000000008358                Adafruit_GPS::check(char*)
 .text._ZN12Adafruit_GPS5parseEPc
                0x0000000000008440      0xfec .pio/build/feather_m0_lora_node_debug/libcb6/libAdafruit GPS Library.a(NMEA_parse.cpp.o)